BL51 BANKED LINKER/LOCATER V6.22                                                        07/01/2019  15:07:36  PAGE 1


BL51 BANKED LINKER/LOCATER V6.22, INVOKED BY:
C:\KEIL\C51\BIN\BL51.EXE .\Output\main.obj, .\Output\Time2.obj, .\Output\task_51.obj, .\Output\led.obj, .\Output\menu.ob
>> j, .\Output\Pwm.obj, .\Output\UART0_mode_3.obj, .\Output\IAP_BYTE.obj, .\Output\menu_fun_seg.obj, .\Output\wx_i2c_51.
>> obj, .\Output\usart_n76.obj, .\Output\Tm1618_n76.obj, .\Output\uled_n76.obj, .\Output\Common.obj, .\Output\STARTUP.ob
>> j TO .\Output\PWM PRINT (.\LST\PWM.m51) RAMSIZE (256) DISABLEWARNING (16)


MEMORY MODEL: SMALL


INPUT MODULES INCLUDED:
  .\Output\main.obj (MAIN)
  .\Output\Time2.obj (TIME2)
  .\Output\task_51.obj (TASK_51)
  .\Output\led.obj (LED)
  .\Output\menu.obj (MENU)
  .\Output\Pwm.obj (PWM)
  .\Output\UART0_mode_3.obj (UART0_MODE_3)
  .\Output\IAP_BYTE.obj (IAP_BYTE)
  .\Output\menu_fun_seg.obj (MENU_FUN_SEG)
  .\Output\wx_i2c_51.obj (WX_I2C_51)
  .\Output\usart_n76.obj (USART_N76)
  .\Output\Tm1618_n76.obj (TM1618_N76)
  .\Output\uled_n76.obj (ULED_N76)
  .\Output\Common.obj (COMMON)
  .\Output\STARTUP.obj (?C_STARTUP)
  C:\KEIL\C51\LIB\C51S.LIB (?C_INIT)
  C:\KEIL\C51\LIB\C51S.LIB (?C?CLDPTR)
  C:\KEIL\C51\LIB\C51S.LIB (?C?CLDOPTR)
  C:\KEIL\C51\LIB\C51S.LIB (?C?CSTPTR)
  C:\KEIL\C51\LIB\C51S.LIB (?C?CSTOPTR)
  C:\KEIL\C51\LIB\C51S.LIB (?C?IMUL)
  C:\KEIL\C51\LIB\C51S.LIB (?C?UIDIV)
  C:\KEIL\C51\LIB\C51S.LIB (?C?IILDX)
  C:\KEIL\C51\LIB\C51S.LIB (?C?ILDIX)
  C:\KEIL\C51\LIB\C51S.LIB (?C?ILDPTR)
  C:\KEIL\C51\LIB\C51S.LIB (?C?ISTPTR)
  C:\KEIL\C51\LIB\C51S.LIB (?C?LMUL)
  C:\KEIL\C51\LIB\C51S.LIB (?C?ULDIV)
  C:\KEIL\C51\LIB\C51S.LIB (?C?ULCMP)
  C:\KEIL\C51\LIB\C51S.LIB (?C?ULSHR)
  C:\KEIL\C51\LIB\C51S.LIB (?C?LSTOPTR)
  C:\KEIL\C51\LIB\C51S.LIB (?C?LLDIDATA)
  C:\KEIL\C51\LIB\C51S.LIB (?C?LLDOPTR0)
  C:\KEIL\C51\LIB\C51S.LIB (?C?LSTIDATA)
  C:\KEIL\C51\LIB\C51S.LIB (?C?LSTXDATA)
  C:\KEIL\C51\LIB\C51S.LIB (?C?LSTKXDATA)
  C:\KEIL\C51\LIB\C51S.LIB (?C?PSTPTR)
  C:\KEIL\C51\LIB\C51S.LIB (?C?PLDOPTR)
  C:\KEIL\C51\LIB\C51S.LIB (?C?CCASE)
  C:\KEIL\C51\LIB\C51S.LIB (?C?ICASE)
  C:\KEIL\C51\LIB\C51S.LIB (?C?ICALL)
  C:\KEIL\C51\LIB\C51S.LIB (?C?LLDIDATA0)
  C:\KEIL\C51\LIB\C51S.LIB (?C?LLDXDATA0)
  C:\KEIL\C51\LIB\C51S.LIB (?C?LLDPDATA0)
  C:\KEIL\C51\LIB\C51S.LIB (?C?LLDCODE0)
  C:\KEIL\C51\LIB\C51S.LIB (?C?LSTPDATA)
  C:\KEIL\C51\LIB\C51S.LIB (?C?PLDIDATA)
BL51 BANKED LINKER/LOCATER V6.22                                                      07/01/2019  15:07:36  PAGE 2


  C:\KEIL\C51\LIB\C51S.LIB (?C?PSTIDATA)
  C:\KEIL\C51\LIB\C51S.LIB (?C?PLDXDATA)
  C:\KEIL\C51\LIB\C51S.LIB (?C?PSTXDATA)
  C:\KEIL\C51\LIB\C51S.LIB (?C?PLDPDATA)
  C:\KEIL\C51\LIB\C51S.LIB (?C?PSTPDATA)
  C:\KEIL\C51\LIB\C51S.LIB (?C?PLDCODE)


LINK MAP OF MODULE:  .\Output\PWM (MAIN)


            TYPE    BASE      LENGTH    RELOCATION   SEGMENT NAME
            -----------------------------------------------------

            * * * * * * *   D A T A   M E M O R Y   * * * * * * *
            REG     0000H     0008H     ABSOLUTE     "REG BANK 0"
            DATA    0008H     000AH     UNIT         ?DT?_TASK_RUN?TASK_51
            DATA    0012H     000AH     UNIT         ?DT?_TASKS_INIT?TASK_51
            DATA    001CH     0004H     UNIT         ?DT?_INITIALUART0_TIMER3?COMMON
            BIT     0020H.0   0000H.1   UNIT         ?BI?UART0_MODE_3
            BIT     0020H.1   0000H.1   UNIT         ?BI?IAP_BYTE
                    0020H.2   0000H.6                *** GAP ***
            DATA    0021H     000AH     UNIT         ?DT?_TASK_CMD?TASK_51
            DATA    002BH     0009H     UNIT         ?DT?_WRITE_DATAFLASH_BYTE?IAP_BYTE
            DATA    0034H     0008H     UNIT         ?DT?_ADC_CON?TASK_51
            DATA    003CH     0007H     UNIT         ?DT?_GETADDDEC?MENU
            DATA    0043H     0005H     UNIT         ?DT?_DMX512_RECEIVE?USART_N76
            DATA    0048H     0005H     UNIT         ?DT?_TM1618_UPDATE?TM1618_N76
            DATA    004DH     0003H     UNIT         ?DT?_MENUCHAR?MENU
            DATA    0050H     0003H     UNIT         ?DT?MENU
            DATA    0053H     0003H     UNIT         ?DT?_PWM_UPDATE?PWM
            DATA    0056H     0003H     UNIT         ?DT?_READ_APROM_BYTE?IAP_BYTE
            DATA    0059H     0003H     UNIT         ?DT?_IIC_WRITE?WX_I2C_51
            DATA    005CH     0003H     UNIT         ?DT?TM1618_N76
            DATA    005FH     0002H     UNIT         ?DT?_MENUDISPLAYSTART2?MENU
            DATA    0061H     0002H     UNIT         ?DT?_IIC_READ?WX_I2C_51
            DATA    0063H     0001H     UNIT         ?DT?_LEDREDVALUEUPDATE?LED
            DATA    0064H     0001H     UNIT         ?DT?_LEDGREENVALUEUPDATE?LED
            DATA    0065H     0001H     UNIT         ?DT?_LEDBLUEVALUEUPDATE?LED
            DATA    0066H     0001H     UNIT         ?DT?_LEDWHITEVALUEUPDATE?LED
            DATA    0067H     0001H     UNIT         ?DT?_LEDYELLOWVALUEUPDATE?LED
            DATA    0068H     0001H     UNIT         ?DT?_LEDPURPLEVALUEUPDATE?LED
            DATA    0069H     0001H     UNIT         ?DT?_LEDSTOBVALUETASK?LED
            DATA    006AH     0001H     UNIT         ?DT?_LEDSTOBVALUEUPDATE?LED
            DATA    006BH     0001H     UNIT         ?DT?_MENUADDDEC?MENU
            DATA    006CH     0001H     UNIT         ?DT?_MENUDISPLAYSTART5?MENU
            DATA    006DH     0001H     UNIT         ?DT?_MENUDISPLAYSTART5_?MENU
            DATA    006EH     0001H     UNIT         ?DT?_SENDADDRESS?UART0_MODE_3
            DATA    006FH     0001H     UNIT         ?DT?_SENDDATA?UART0_MODE_3
            DATA    0070H     0001H     UNIT         ?DT?_TM1618_WAIT?TM1618_N76
            DATA    0071H     0001H     UNIT         ?DT?_TM1618_SEND8BIT?TM1618_N76
            DATA    0072H     0001H     UNIT         ?DT?_TM1618_SENDCMD?TM1618_N76
            IDATA   0073H     0004H     UNIT         ?ID?MAIN
            IDATA   0077H     0002H     UNIT         ?ID?TM1618_READKEY?TM1618_N76
            IDATA   0079H     0001H     UNIT         ?ID?_TM1618_SEND8BIT?TM1618_N76
            IDATA   007AH     0001H     UNIT         ?STACK

BL51 BANKED LINKER/LOCATER V6.22                                                      07/01/2019  15:07:36  PAGE 3


            * * * * * * *  X D A T A   M E M O R Y  * * * * * * *
            XDATA   0000H     0109H     UNIT         ?XD?ULED_N76
            XDATA   0109H     0071H     UNIT         ?XD?TASK_51
            XDATA   017AH     004FH     UNIT         ?XD?USART_N76
            XDATA   01C9H     0048H     UNIT         ?XD?WX_I2C_51
            XDATA   0211H     0037H     UNIT         ?XD?MENU_FUN_SEG
            XDATA   0248H     0028H     UNIT         ?XD?LED
            XDATA   0270H     001EH     UNIT         ?XD?MENU
            XDATA   028EH     001BH     UNIT         ?XD?MAIN
            XDATA   02A9H     001AH     UNIT         ?XD?UART0_MODE_3
            XDATA   02C3H     0017H     UNIT         ?XD?TM1618_N76

            * * * * * * *   C O D E   M E M O R Y   * * * * * * *
            CODE    0000H     0003H     ABSOLUTE     
            CODE    0003H     001FH     UNIT         ?PR?LEDALLVALUEUPDATE_0?LED
            CODE    0022H     0001H     UNIT         ?PR?TASK_NULL?TASK_51
            CODE    0023H     0003H     ABSOLUTE     
            CODE    0026H     0005H     UNIT         ?PR?_LEDSTOBVALUETASK?LED
            CODE    002BH     0003H     ABSOLUTE     
            CODE    002EH     081CH     UNIT         ?PR?MENUCHANGE?MENU
            CODE    084AH     069BH     UNIT         ?PR?_DMX512_RECEIVE?USART_N76
            CODE    0EE5H     049DH     UNIT         ?C?LIB_CODE
            CODE    1382H     03A4H     UNIT         ?CO?MENU
            CODE    1726H     03A3H     UNIT         ?PR?TASK_INIT?TASK_51
            CODE    1AC9H     029DH     UNIT         ?PR?MENUSHOW?MENU
            CODE    1D66H     0261H     UNIT         ?PR?KEY_SCAN?MENU
            CODE    1FC7H     024AH     UNIT         ?PR?IIC_EPROM_CONFIG?WX_I2C_51
            CODE    2211H     0232H     UNIT         ?C_INITSEG
            CODE    2443H     0230H     UNIT         ?PR?_MENUADDDEC?MENU
            CODE    2673H     0211H     UNIT         ?PR?TM1618_DISPLAY?TM1618_N76
            CODE    2884H     01D7H     UNIT         ?PR?LEDDRIVE?ULED_N76
            CODE    2A5BH     0198H     UNIT         ?PR?_GETADDDEC?MENU
            CODE    2BF3H     0189H     UNIT         ?PR?_WRITE_DATAFLASH_BYTE?IAP_BYTE
            CODE    2D7CH     013EH     UNIT         ?PR?_TASK_RUN?TASK_51
            CODE    2EBAH     00EFH     UNIT         ?PR?IIC_WRITECOLOLUMVALUE?WX_I2C_51
            CODE    2FA9H     00E8H     UNIT         ?PR?TASK_DMXUPDATE?TASK_51
            CODE    3091H     00E3H     UNIT         ?PR?_PWM_UPDATE?PWM
            CODE    3174H     00DFH     UNIT         ?PR?UPDATE_FACTORYYES?MENU_FUN_SEG
            CODE    3253H     00C0H     UNIT         ?PR?TASK_COLO?TASK_51
            CODE    3313H     00ADH     UNIT         ?PR?ENTER_MANUFUNCTION?MENU_FUN_SEG
            CODE    33C0H     009DH     UNIT         ?PR?MENUCHOOSE?MENU
            CODE    345DH     009AH     UNIT         ?C_C51STARTUP
            CODE    34F7H     0091H     UNIT         ?PR?_INITIALUART0_TIMER3?COMMON
            CODE    3588H     0085H     UNIT         ?PR?_MENUDISPLAYSTART5?MENU
            CODE    360DH     0084H     UNIT         ?PR?LEDDMXDATACMD?LED
            CODE    3691H     0078H     UNIT         ?PR?PWM_INIT?PWM
            CODE    3709H     0075H     UNIT         ?PR?_MENUDISPLAYSTART5_?MENU
            CODE    377EH     0074H     UNIT         ?PR?TASK_LEDFADE?TASK_51
            CODE    37F2H     0073H     UNIT         ?PR?SYS_MENUINIT?MENU
            CODE    3865H     006CH     UNIT         ?PR?USART_DMXSENDPACKET?UART0_MODE_3
            CODE    38D1H     0068H     UNIT         ?PR?_MENUCHAR?MENU
            CODE    3939H     0067H     UNIT         ?PR?UPDATE_RESETYES?MENU_FUN_SEG
            CODE    39A0H     0063H     UNIT         ?PR?MAIN?MAIN
            CODE    3A03H     0063H     UNIT         ?PR?TM1618_READKEY?TM1618_N76
            CODE    3A66H     005FH     UNIT         ?PR?TM1618_DISPLAYOFF?TM1618_N76
            CODE    3AC5H     0059H     UNIT         ?PR?_TM1618_UPDATE?TM1618_N76
            CODE    3B1EH     0052H     UNIT         ?CO?TM1618_N76
BL51 BANKED LINKER/LOCATER V6.22                                                      07/01/2019  15:07:36  PAGE 4


            CODE    3B70H     004DH     UNIT         ?PR?_MENUDISPLAYSTART2?MENU
            CODE    3BBDH     004CH     UNIT         ?PR?UPDATE_CLEAR?MENU_FUN_SEG
            CODE    3C09H     0048H     UNIT         ?PR?TIMER2_ISR?TIME2
            CODE    3C51H     0048H     UNIT         ?PR?_TASKS_INIT?TASK_51
            CODE    3C99H     0046H     UNIT         ?PR?ENTER_AUTOFUNCTION?MENU_FUN_SEG
            CODE    3CDFH     0045H     UNIT         ?PR?SERIAL_IT?UART0_MODE_3
            CODE    3D24H     0045H     UNIT         ?PR?UPDATE_SOUNDON?MENU_FUN_SEG
            CODE    3D69H     0041H     UNIT         ?PR?TASK_LEDDMXFADE?TASK_51
            CODE    3DAAH     003DH     UNIT         ?PR?MENULAYER_CHOOSE?MENU
            CODE    3DE7H     003DH     UNIT         ?PR?UPDATE_CALIBRATIONSDEFAULTFUNCTION?MENU_FUN_SEG
            CODE    3E24H     0036H     UNIT         ?PR?_TASK_CMD?TASK_51
            CODE    3E5AH     0035H     UNIT         ?PR?_TM1618_SEND8BIT?TM1618_N76
            CODE    3E8FH     0031H     UNIT         ?PR?TASK_MOTOZ?TASK_51
            CODE    3EC0H     002DH     UNIT         ?PR?SLAVEMODE?MENU_FUN_SEG
            CODE    3EEDH     002BH     UNIT         ?PR?MAINNORMAL?MENU
            CODE    3F18H     002BH     UNIT         ?PR?IIC_WRITEFACTORY?WX_I2C_51
            CODE    3F43H     002AH     UNIT         ?PR?ENTER_ADDRFUNCTION?MENU_FUN_SEG
            CODE    3F6DH     0027H     UNIT         ?PR?IIC_WRITEADDRESS?WX_I2C_51
            CODE    3F94H     0023H     UNIT         ?PR?TIMER2_INIT?TIME2
            CODE    3FB7H     0023H     UNIT         ?PR?IIC_WRITELED?WX_I2C_51
            CODE    3FDAH     001FH     UNIT         ?PR?UPDATEDMXADDRESS?MENU_FUN_SEG
            CODE    3FF9H     001CH     UNIT         ?PR?UART_INIT?UART0_MODE_3
            CODE    4015H     001CH     UNIT         ?PR?_READ_APROM_BYTE?IAP_BYTE
            CODE    4031H     001BH     UNIT         ?PR?_TM1618_SENDCMD?TM1618_N76
            CODE    404CH     001AH     UNIT         ?PR?UPDATE_NODMXSTATUSHOLD?MENU_FUN_SEG
            CODE    4066H     0019H     UNIT         ?PR?TASK_MENU?TASK_51
            CODE    407FH     0019H     UNIT         ?PR?IIC_WRITESYSSTATE?WX_I2C_51
            CODE    4098H     0016H     UNIT         ?PR?UPDATE_NODMXSTATUSCLOSE?MENU_FUN_SEG
            CODE    40AEH     0012H     UNIT         ?PR?_IIC_WRITE?WX_I2C_51
            CODE    40C0H     0012H     UNIT         ?PR?IIC_WRITEHCL?WX_I2C_51
            CODE    40D2H     0012H     UNIT         ?PR?IIC_WRITEFADE?WX_I2C_51
            CODE    40E4H     0012H     UNIT         ?PR?IIC_WRITESOUD?WX_I2C_51
            CODE    40F6H     0012H     UNIT         ?PR?IIC_WRITESOSE?WX_I2C_51
            CODE    4108H     000DH     UNIT         ?PR?UPDATE_BACKLEDON?MENU_FUN_SEG
            CODE    4115H     000DH     UNIT         ?PR?IIC_WRITECHAN?WX_I2C_51
            CODE    4122H     000DH     UNIT         ?PR?IIC_WRITEINVERSE?WX_I2C_51
            CODE    412FH     000DH     UNIT         ?PR?IIC_WRITEDIMMER?WX_I2C_51
            CODE    413CH     000CH     UNIT         ?PR?UPDATE_SLAVE1MODE?MENU_FUN_SEG
            CODE    4148H     000CH     UNIT         ?PR?UPDATE_BACKLEDOFF?MENU_FUN_SEG
            CODE    4154H     000CH     UNIT         ?PR?_IIC_READ?WX_I2C_51
            CODE    4160H     000BH     UNIT         ?PR?TASK_TEMPUPDATE?TASK_51
            CODE    416BH     000BH     UNIT         ?PR?TASK_LEDSTOB?TASK_51
            CODE    4176H     000BH     UNIT         ?PR?TASK_LEDHCL?TASK_51
            CODE    4181H     000BH     UNIT         ?PR?TASK_LEDFADING?TASK_51
            CODE    418CH     000BH     UNIT         ?PR?UPDATEEXITMAIN?MENU_FUN_SEG
            CODE    4197H     000BH     UNIT         ?PR?_TM1618_WAIT?TM1618_N76
            CODE    41A2H     000AH     UNIT         ?PR?UPDATECHANNEL1?MENU_FUN_SEG
            CODE    41ACH     000AH     UNIT         ?PR?UPDATECHANNEL2?MENU_FUN_SEG
            CODE    41B6H     0009H     UNIT         ?PR?_LEDREDVALUEUPDATE?LED
            CODE    41BFH     0009H     UNIT         ?PR?_LEDGREENVALUEUPDATE?LED
            CODE    41C8H     0009H     UNIT         ?PR?_LEDBLUEVALUEUPDATE?LED
            CODE    41D1H     0009H     UNIT         ?PR?_LEDWHITEVALUEUPDATE?LED
            CODE    41DAH     0009H     UNIT         ?PR?_LEDYELLOWVALUEUPDATE?LED
            CODE    41E3H     0009H     UNIT         ?PR?_LEDPURPLEVALUEUPDATE?LED
            CODE    41ECH     0008H     UNIT         ?CO?LED
            CODE    41F4H     0008H     UNIT         ?PR?_SENDADDRESS?UART0_MODE_3
            CODE    41FCH     0008H     UNIT         ?PR?_SENDDATA?UART0_MODE_3
BL51 BANKED LINKER/LOCATER V6.22                                                      07/01/2019  15:07:36  PAGE 5


            CODE    4204H     0007H     UNIT         ?PR?_ADC_CON?TASK_51
            CODE    420BH     0007H     UNIT         ?PR?UPDATE_MANUFUNCTION?MENU_FUN_SEG
            CODE    4212H     0007H     UNIT         ?PR?UPDATE_AUTOHCLFUNCTION?MENU_FUN_SEG
            CODE    4219H     0007H     UNIT         ?PR?UPDATE_AUTOFADEFUNCTION?MENU_FUN_SEG
            CODE    4220H     0004H     UNIT         ?PR?UPDATECHANNE?MENU_FUN_SEG
            CODE    4224H     0004H     UNIT         ?PR?UPDATE_SOUNDSOSE?MENU_FUN_SEG
            CODE    4228H     0004H     UNIT         ?PR?UPDATE_BACKLED?MENU_FUN_SEG
            CODE    422CH     0003H     UNIT         ?PR?_LEDSTOBVALUEUPDATE?LED
            CODE    422FH     0001H     UNIT         ?PR?TASK_CLEAR?TASK_51
            CODE    4230H     0001H     UNIT         ?PR?LED_STOB?TASK_51
            CODE    4231H     0001H     UNIT         ?PR?SYSCHANG_STATE?TASK_51
            CODE    4232H     0001H     UNIT         ?PR?TASK_MOTOY?TASK_51
            CODE    4233H     0001H     UNIT         ?PR?TASK_SYS?TASK_51
            CODE    4234H     0001H     UNIT         ?PR?MENUKEYINIT?MENU
            CODE    4235H     0001H     UNIT         ?PR?NULLSUBS?MENU
            CODE    4236H     0001H     UNIT         ?PR?UPDATE_RESETNO?MENU_FUN_SEG
            CODE    4237H     0001H     UNIT         ?PR?UPDATE_FACTORYNO?MENU_FUN_SEG
            CODE    4238H     0001H     UNIT         ?PR?TM1618_KEYINIT?TM1618_N76



OVERLAY MAP OF MODULE:   .\Output\PWM (MAIN)


SEGMENT
  +--> CALLED SEGMENT
---------------------
?PR?SERIAL_IT?UART0_MODE_3
  +--> ?PR?_DMX512_RECEIVE?USART_N76

?PR?_DMX512_RECEIVE?USART_N76
  +--> ?PR?TASK_MOTOZ?TASK_51
  +--> ?PR?TASK_NULL?TASK_51
  +--> ?PR?_TASK_CMD?TASK_51
  +--> ?PR?TASK_DMXUPDATE?TASK_51
  +--> ?PR?_SENDDATA?UART0_MODE_3

?PR?TASK_MOTOZ?TASK_51
  +--> ?PR?TASK_NULL?TASK_51
  +--> ?PR?_TASK_CMD?TASK_51

?PR?TASK_DMXUPDATE?TASK_51
  +--> ?PR?LEDDMXDATACMD?LED
  +--> ?PR?MAINNORMAL?MENU
  +--> ?PR?TASK_NULL?TASK_51
  +--> ?PR?_TASK_CMD?TASK_51

?PR?LEDDMXDATACMD?LED
  +--> ?PR?_LEDREDVALUEUPDATE?LED
  +--> ?PR?_LEDGREENVALUEUPDATE?LED
  +--> ?PR?_LEDBLUEVALUEUPDATE?LED
  +--> ?PR?_LEDWHITEVALUEUPDATE?LED

?PR?MAINNORMAL?MENU
  +--> ?CO?MENU

?CO?MENU
BL51 BANKED LINKER/LOCATER V6.22                                                      07/01/2019  15:07:36  PAGE 6


  +--> ?PR?UPDATE_AUTOHCLFUNCTION?MENU_FUN_SEG
  +--> ?PR?UPDATE_MANUFUNCTION?MENU_FUN_SEG
  +--> ?PR?UPDATE_NODMXSTATUSCLOSE?MENU_FUN_SEG
  +--> ?PR?UPDATE_NODMXSTATUSHOLD?MENU_FUN_SEG
  +--> ?PR?UPDATE_BACKLEDON?MENU_FUN_SEG
  +--> ?PR?UPDATE_BACKLEDOFF?MENU_FUN_SEG
  +--> ?PR?UPDATE_RESETYES?MENU_FUN_SEG
  +--> ?PR?UPDATE_RESETNO?MENU_FUN_SEG
  +--> ?PR?UPDATE_FACTORYYES?MENU_FUN_SEG
  +--> ?PR?UPDATE_FACTORYNO?MENU_FUN_SEG
  +--> ?PR?NULLSUBS?MENU
  +--> ?PR?UPDATE_CALIBRATIONSDEFAULTFUNCTIO...
  +--> ?PR?UPDATE_AUTOFADEFUNCTION?MENU_FUN_SEG
  +--> ?PR?UPDATE_SLAVE1MODE?MENU_FUN_SEG
  +--> ?PR?UPDATE_SOUNDSOSE?MENU_FUN_SEG
  +--> ?PR?UPDATEDMXADDRESS?MENU_FUN_SEG
  +--> ?PR?ENTER_ADDRFUNCTION?MENU_FUN_SEG
  +--> ?PR?ENTER_AUTOFUNCTION?MENU_FUN_SEG
  +--> ?PR?UPDATE_SOUNDON?MENU_FUN_SEG
  +--> ?PR?ENTER_MANUFUNCTION?MENU_FUN_SEG
  +--> ?PR?UPDATECHANNEL1?MENU_FUN_SEG
  +--> ?PR?UPDATECHANNEL2?MENU_FUN_SEG

?PR?UPDATE_AUTOHCLFUNCTION?MENU_FUN_SEG
  +--> ?PR?IIC_WRITESYSSTATE?WX_I2C_51
  +--> ?PR?IIC_WRITEHCL?WX_I2C_51

?PR?IIC_WRITESYSSTATE?WX_I2C_51
  +--> ?PR?_IIC_WRITE?WX_I2C_51

?PR?_IIC_WRITE?WX_I2C_51
  +--> ?PR?_WRITE_DATAFLASH_BYTE?IAP_BYTE

?PR?IIC_WRITEHCL?WX_I2C_51
  +--> ?PR?_IIC_WRITE?WX_I2C_51

?PR?UPDATE_MANUFUNCTION?MENU_FUN_SEG
  +--> ?PR?IIC_WRITECOLOLUMVALUE?WX_I2C_51
  +--> ?PR?IIC_WRITESYSSTATE?WX_I2C_51

?PR?IIC_WRITECOLOLUMVALUE?WX_I2C_51
  +--> ?PR?_IIC_WRITE?WX_I2C_51

?PR?UPDATE_NODMXSTATUSCLOSE?MENU_FUN_SEG
  +--> ?PR?IIC_WRITEINVERSE?WX_I2C_51

?PR?IIC_WRITEINVERSE?WX_I2C_51
  +--> ?PR?_IIC_WRITE?WX_I2C_51

?PR?UPDATE_NODMXSTATUSHOLD?MENU_FUN_SEG
  +--> ?PR?IIC_WRITEINVERSE?WX_I2C_51

?PR?UPDATE_BACKLEDON?MENU_FUN_SEG
  +--> ?PR?IIC_WRITELED?WX_I2C_51

?PR?IIC_WRITELED?WX_I2C_51
  +--> ?PR?_IIC_WRITE?WX_I2C_51
BL51 BANKED LINKER/LOCATER V6.22                                                      07/01/2019  15:07:36  PAGE 7



?PR?UPDATE_BACKLEDOFF?MENU_FUN_SEG
  +--> ?PR?IIC_WRITELED?WX_I2C_51

?PR?UPDATE_RESETYES?MENU_FUN_SEG
  +--> ?PR?TASK_CLEAR?TASK_51
  +--> ?PR?TASK_LEDDMXFADE?TASK_51
  +--> ?PR?TASK_NULL?TASK_51
  +--> ?PR?_TASK_CMD?TASK_51

?PR?TASK_LEDDMXFADE?TASK_51
  +--> ?PR?TASK_NULL?TASK_51
  +--> ?PR?_TASK_CMD?TASK_51

?PR?UPDATE_FACTORYYES?MENU_FUN_SEG
  +--> ?PR?IIC_WRITEFACTORY?WX_I2C_51
  +--> ?PR?_LEDSTOBVALUEUPDATE?LED

?PR?IIC_WRITEFACTORY?WX_I2C_51
  +--> ?PR?_IIC_WRITE?WX_I2C_51
  +--> ?PR?IIC_WRITEADDRESS?WX_I2C_51
  +--> ?PR?IIC_WRITELED?WX_I2C_51
  +--> ?PR?IIC_WRITESYSSTATE?WX_I2C_51
  +--> ?PR?IIC_WRITEHCL?WX_I2C_51
  +--> ?PR?IIC_WRITEFADE?WX_I2C_51
  +--> ?PR?IIC_WRITECHAN?WX_I2C_51
  +--> ?PR?IIC_WRITESOSE?WX_I2C_51
  +--> ?PR?IIC_WRITESOUD?WX_I2C_51
  +--> ?PR?IIC_WRITEINVERSE?WX_I2C_51
  +--> ?PR?IIC_WRITEDIMMER?WX_I2C_51
  +--> ?PR?IIC_WRITECOLOLUMVALUE?WX_I2C_51

?PR?IIC_WRITEADDRESS?WX_I2C_51
  +--> ?PR?_IIC_WRITE?WX_I2C_51

?PR?IIC_WRITEFADE?WX_I2C_51
  +--> ?PR?_IIC_WRITE?WX_I2C_51

?PR?IIC_WRITECHAN?WX_I2C_51
  +--> ?PR?_IIC_WRITE?WX_I2C_51

?PR?IIC_WRITESOSE?WX_I2C_51
  +--> ?PR?_IIC_WRITE?WX_I2C_51

?PR?IIC_WRITESOUD?WX_I2C_51
  +--> ?PR?_IIC_WRITE?WX_I2C_51

?PR?IIC_WRITEDIMMER?WX_I2C_51
  +--> ?PR?_IIC_WRITE?WX_I2C_51

?PR?UPDATE_CALIBRATIONSDEFAULTFUNCTIO...
  +--> ?PR?IIC_WRITECOLOLUMVALUE?WX_I2C_51
  +--> ?PR?IIC_WRITESYSSTATE?WX_I2C_51

?PR?UPDATE_AUTOFADEFUNCTION?MENU_FUN_SEG
  +--> ?PR?IIC_WRITESYSSTATE?WX_I2C_51
  +--> ?PR?IIC_WRITEFADE?WX_I2C_51
BL51 BANKED LINKER/LOCATER V6.22                                                      07/01/2019  15:07:36  PAGE 8



?PR?UPDATE_SLAVE1MODE?MENU_FUN_SEG
  +--> ?PR?SLAVEMODE?MENU_FUN_SEG

?PR?SLAVEMODE?MENU_FUN_SEG
  +--> ?PR?UPDATE_CLEAR?MENU_FUN_SEG
  +--> ?PR?IIC_WRITESYSSTATE?WX_I2C_51

?PR?UPDATE_CLEAR?MENU_FUN_SEG
  +--> ?PR?_LEDSTOBVALUEUPDATE?LED

?PR?UPDATE_SOUNDSOSE?MENU_FUN_SEG
  +--> ?PR?IIC_WRITESOSE?WX_I2C_51

?PR?UPDATEDMXADDRESS?MENU_FUN_SEG
  +--> ?PR?IIC_WRITEADDRESS?WX_I2C_51

?PR?ENTER_ADDRFUNCTION?MENU_FUN_SEG
  +--> ?PR?UPDATE_CLEAR?MENU_FUN_SEG
  +--> ?PR?IIC_WRITESYSSTATE?WX_I2C_51

?PR?ENTER_AUTOFUNCTION?MENU_FUN_SEG
  +--> ?PR?UPDATE_CLEAR?MENU_FUN_SEG
  +--> ?PR?IIC_WRITESYSSTATE?WX_I2C_51

?PR?UPDATE_SOUNDON?MENU_FUN_SEG
  +--> ?PR?UPDATE_CLEAR?MENU_FUN_SEG
  +--> ?PR?IIC_WRITESOUD?WX_I2C_51
  +--> ?PR?IIC_WRITESYSSTATE?WX_I2C_51

?PR?ENTER_MANUFUNCTION?MENU_FUN_SEG
  +--> ?PR?UPDATE_CLEAR?MENU_FUN_SEG
  +--> ?PR?TASK_COLO?TASK_51
  +--> ?PR?IIC_WRITESYSSTATE?WX_I2C_51

?PR?TASK_COLO?TASK_51
  +--> ?PR?_LEDREDVALUEUPDATE?LED
  +--> ?PR?_LEDGREENVALUEUPDATE?LED
  +--> ?PR?_LEDBLUEVALUEUPDATE?LED
  +--> ?PR?_LEDWHITEVALUEUPDATE?LED
  +--> ?PR?_LEDYELLOWVALUEUPDATE?LED
  +--> ?PR?_LEDPURPLEVALUEUPDATE?LED
  +--> ?PR?_LEDSTOBVALUEUPDATE?LED

?PR?UPDATECHANNEL1?MENU_FUN_SEG
  +--> ?PR?UPDATECHANNE?MENU_FUN_SEG

?PR?UPDATECHANNE?MENU_FUN_SEG
  +--> ?PR?IIC_WRITECHAN?WX_I2C_51

?PR?UPDATECHANNEL2?MENU_FUN_SEG
  +--> ?PR?UPDATECHANNE?MENU_FUN_SEG

*** NEW ROOT ***************************************************

?C_C51STARTUP
  +--> ?PR?MAIN?MAIN
BL51 BANKED LINKER/LOCATER V6.22                                                      07/01/2019  15:07:36  PAGE 9


  +--> ?C_INITSEG

?PR?MAIN?MAIN
  +--> ?PR?PWM_INIT?PWM
  +--> ?PR?IIC_EPROM_CONFIG?WX_I2C_51
  +--> ?PR?TASK_INIT?TASK_51
  +--> ?PR?TIMER2_INIT?TIME2
  +--> ?PR?UART_INIT?UART0_MODE_3
  +--> ?PR?SYS_MENUINIT?MENU
  +--> ?PR?MENUSHOW?MENU
  +--> ?PR?TASK_NULL?TASK_51
  +--> ?PR?_TASK_RUN?TASK_51

?PR?PWM_INIT?PWM
  +--> ?PR?_PWM_UPDATE?PWM

?PR?IIC_EPROM_CONFIG?WX_I2C_51
  +--> ?PR?_IIC_READ?WX_I2C_51
  +--> ?PR?IIC_WRITEFACTORY?WX_I2C_51

?PR?_IIC_READ?WX_I2C_51
  +--> ?PR?_READ_APROM_BYTE?IAP_BYTE

?PR?TASK_INIT?TASK_51
  +--> ?PR?TASK_TEMPUPDATE?TASK_51
  +--> ?PR?_TASKS_INIT?TASK_51
  +--> ?PR?TASK_LEDSTOB?TASK_51
  +--> ?PR?TASK_LEDHCL?TASK_51
  +--> ?PR?TASK_LEDFADE?TASK_51
  +--> ?PR?TASK_LEDFADING?TASK_51
  +--> ?PR?TASK_LEDDMXFADE?TASK_51
  +--> ?PR?TASK_MENU?TASK_51
  +--> ?PR?TASK_DMXUPDATE?TASK_51
  +--> ?PR?TASK_NULL?TASK_51
  +--> ?PR?_TASK_CMD?TASK_51
  +--> ?PR?TASK_MOTOY?TASK_51
  +--> ?PR?TASK_MOTOZ?TASK_51

?PR?TASK_LEDFADE?TASK_51
  +--> ?PR?LEDDRIVE?ULED_N76

?PR?LEDDRIVE?ULED_N76
  +--> ?PR?_PWM_UPDATE?PWM

?PR?TASK_MENU?TASK_51
  +--> ?PR?MENUCHANGE?MENU
  +--> ?PR?TM1618_DISPLAY?TM1618_N76

?PR?MENUCHANGE?MENU
  +--> ?PR?KEY_SCAN?MENU
  +--> ?PR?MENUSHOW?MENU
  +--> ?PR?_MENUADDDEC?MENU
  +--> ?PR?NULLSUBS?MENU
  +--> ?PR?MENUCHOOSE?MENU
  +--> ?CO?MENU
  +--> ?PR?MENULAYER_CHOOSE?MENU
  +--> ?PR?_MENUDISPLAYSTART5?MENU
BL51 BANKED LINKER/LOCATER V6.22                                                      07/01/2019  15:07:36  PAGE 10


  +--> ?PR?_MENUDISPLAYSTART5_?MENU
  +--> ?PR?_MENUDISPLAYSTART2?MENU

?PR?KEY_SCAN?MENU
  +--> ?PR?TM1618_READKEY?TM1618_N76
  +--> ?CO?MENU

?PR?TM1618_READKEY?TM1618_N76
  +--> ?PR?_TM1618_SENDCMD?TM1618_N76

?PR?_TM1618_SENDCMD?TM1618_N76
  +--> ?PR?_TM1618_WAIT?TM1618_N76
  +--> ?PR?_TM1618_SEND8BIT?TM1618_N76

?PR?_TM1618_SEND8BIT?TM1618_N76
  +--> ?PR?_TM1618_WAIT?TM1618_N76

?PR?MENUSHOW?MENU
  +--> ?PR?_MENUCHAR?MENU
  +--> ?PR?TM1618_DISPLAY?TM1618_N76

?PR?TM1618_DISPLAY?TM1618_N76
  +--> ?PR?TM1618_DISPLAYOFF?TM1618_N76
  +--> ?PR?_TM1618_SENDCMD?TM1618_N76
  +--> ?CO?TM1618_N76
  +--> ?PR?_TM1618_SEND8BIT?TM1618_N76

?PR?TM1618_DISPLAYOFF?TM1618_N76
  +--> ?PR?_TM1618_SENDCMD?TM1618_N76
  +--> ?CO?TM1618_N76
  +--> ?PR?_TM1618_SEND8BIT?TM1618_N76

?PR?_MENUADDDEC?MENU
  +--> ?PR?_GETADDDEC?MENU
  +--> ?PR?_LEDSTOBVALUEUPDATE?LED
  +--> ?PR?_LEDREDVALUEUPDATE?LED
  +--> ?PR?_LEDGREENVALUEUPDATE?LED
  +--> ?PR?_LEDBLUEVALUEUPDATE?LED
  +--> ?PR?_LEDWHITEVALUEUPDATE?LED

?PR?UART_INIT?UART0_MODE_3
  +--> ?PR?_INITIALUART0_TIMER3?COMMON

?PR?SYS_MENUINIT?MENU
  +--> ?CO?MENU

?C_INITSEG
  +--> ?CO?MENU



SYMBOL TABLE OF MODULE:  .\Output\PWM (MAIN)

  VALUE           TYPE          NAME
  ----------------------------------

  -------         MODULE        MAIN
BL51 BANKED LINKER/LOCATER V6.22                                                      07/01/2019  15:07:36  PAGE 11


  C:0000H         SYMBOL        _ICE_DUMMY_
  X:028EH         PUBLIC        Temp_Reset
  D:00B1H         PUBLIC        P0M1
  I:0073H         PUBLIC        LocalTime
  X:028FH         PUBLIC        Task_Sys_i
  D:00B3H         PUBLIC        P1M1
  D:00B2H         PUBLIC        P0M2
  D:0080H         PUBLIC        P0
  D:00B4H         PUBLIC        P1M2
  D:0090H         PUBLIC        P1
  D:00ACH         PUBLIC        P3M1
  D:00A0H         PUBLIC        P2
  X:0291H         PUBLIC        LCDDisplight
  D:00B0H         PUBLIC        P3
  D:00ADH         PUBLIC        P3M2
  X:0292H         PUBLIC        SYS_StateBuf
  D:00D8H         PUBLIC        PWMCON0
  X:0293H         PUBLIC        Task_XY_State
  D:00A8H         PUBLIC        IE
  X:0295H         PUBLIC        Temperature
  D:00B8H         PUBLIC        IP
  X:0296H         PUBLIC        BackLightNum
  C:39A0H         PUBLIC        main
  D:0098H         PUBLIC        SCON
  D:0088H         PUBLIC        TCON
  X:0298H         PUBLIC        TempDispMark
  X:0299H         PUBLIC        SystemNum
  D:00F8H         PUBLIC        SCON_1
  X:029BH         PUBLIC        TimeOut
  X:029DH         PUBLIC        RUN_State
  D:00E8H         PUBLIC        ADCCON0
  X:029EH         PUBLIC        Task_COLOR_State
  X:02A0H         PUBLIC        COLO_SIGNAL_MARK
  D:00C0H         PUBLIC        I2CON
  X:02A1H         PUBLIC        SysBuf
  X:02A2H         PUBLIC        SYS_State
  D:00C8H         PUBLIC        T2CON
  X:02A3H         PUBLIC        Reset_Mark
  X:02A4H         PUBLIC        Reset_Time
  X:02A5H         PUBLIC        KeyBuf1
  D:00D0H         PUBLIC        PSW
  X:02A7H         PUBLIC        KeyBuf2
  -------         PROC          MAIN
  C:39A0H         LINE#         33
  C:39A0H         LINE#         34
  C:39A0H         LINE#         35
  C:39B2H         LINE#         36
  C:39B5H         LINE#         37
  C:39BBH         LINE#         39
  C:39BEH         LINE#         40
  C:39C1H         LINE#         41
  C:39C4H         LINE#         42
  C:39C7H         LINE#         43
  C:39CDH         LINE#         44
  C:39D0H         LINE#         45
  C:39D3H         LINE#         47
  C:39D3H         LINE#         48
BL51 BANKED LINKER/LOCATER V6.22                                                      07/01/2019  15:07:36  PAGE 12


  C:3A00H         LINE#         49
  C:3A02H         LINE#         50
  -------         ENDPROC       MAIN
  -------         ENDMOD        MAIN

  -------         MODULE        TIME2
  C:0000H         SYMBOL        _ICE_DUMMY_
  D:0080H         PUBLIC        P0
  D:0090H         PUBLIC        P1
  D:00A0H         PUBLIC        P2
  D:00B0H         PUBLIC        P3
  C:3C09H         PUBLIC        Timer2_ISR
  B:00A8H.7       PUBLIC        EA
  D:00D8H         PUBLIC        PWMCON0
  D:00A8H         PUBLIC        IE
  D:00B8H         PUBLIC        IP
  C:3F94H         PUBLIC        Timer2_Init
  D:00CBH         PUBLIC        RCMP2H
  D:00CAH         PUBLIC        RCMP2L
  D:0098H         PUBLIC        SCON
  D:0088H         PUBLIC        TCON
  D:00F8H         PUBLIC        SCON_1
  B:00C8H.7       PUBLIC        TF2
  D:00CDH         PUBLIC        TH2
  D:00CCH         PUBLIC        TL2
  D:009BH         PUBLIC        EIE
  B:00C8H.2       PUBLIC        TR2
  D:00E8H         PUBLIC        ADCCON0
  D:00C0H         PUBLIC        I2CON
  D:00C9H         PUBLIC        T2MOD
  D:00C8H         PUBLIC        T2CON
  D:00D0H         PUBLIC        PSW
  -------         PROC          TIMER2_ISR
  C:3C09H         LINE#         53
  C:3C20H         LINE#         55
  C:3C22H         LINE#         56
  C:3C3CH         LINE#         57
  -------         ENDPROC       TIMER2_ISR
  -------         PROC          TIMER2_INIT
  C:3F94H         LINE#         61
  C:3F94H         LINE#         62
  C:3F94H         LINE#         63
  C:3F9AH         LINE#         64
  C:3FA3H         LINE#         66
  C:3FA6H         LINE#         67
  C:3FA9H         LINE#         68
  C:3FACH         LINE#         69
  C:3FAFH         LINE#         71
  C:3FB2H         LINE#         72
  C:3FB4H         LINE#         73
  C:3FB6H         LINE#         74
  -------         ENDPROC       TIMER2_INIT
  -------         ENDMOD        TIME2

  -------         MODULE        TASK_51
  C:0000H         SYMBOL        _ICE_DUMMY_
  C:377EH         PUBLIC        Task_LedFade
BL51 BANKED LINKER/LOCATER V6.22                                                      07/01/2019  15:07:36  PAGE 13


  C:3C51H         PUBLIC        _Tasks_Init
  D:0080H         PUBLIC        P0
  D:0090H         PUBLIC        P1
  D:00A0H         PUBLIC        P2
  D:00B0H         PUBLIC        P3
  C:3253H         PUBLIC        Task_Colo
  D:00D8H         PUBLIC        PWMCON0
  C:4231H         PUBLIC        SysChang_State
  C:3E24H         PUBLIC        _Task_Cmd
  C:1726H         PUBLIC        Task_Init
  C:4066H         PUBLIC        Task_Menu
  D:00A8H         PUBLIC        IE
  C:4230H         PUBLIC        Led_Stob
  C:0022H         PUBLIC        Task_Null
  X:010BH         PUBLIC        SysTick_i
  D:00B8H         PUBLIC        IP
  C:4176H         PUBLIC        Task_LedHcl
  C:416BH         PUBLIC        Task_LedStob
  C:2D7CH         PUBLIC        _Task_Run
  D:0098H         PUBLIC        SCON
  D:0088H         PUBLIC        TCON
  C:4233H         PUBLIC        Task_Sys
  D:00F8H         PUBLIC        SCON_1
  C:2FA9H         PUBLIC        Task_DMXUpdate
  C:4204H         PUBLIC        _ADC_Con
  C:4181H         PUBLIC        Task_LedFading
  D:00E8H         PUBLIC        ADCCON0
  D:00C0H         PUBLIC        I2CON
  X:010CH         PUBLIC        Task_st
  C:422FH         PUBLIC        Task_Clear
  D:00C8H         PUBLIC        T2CON
  C:3D69H         PUBLIC        Task_LedDMXFade
  C:4232H         PUBLIC        Task_MotoY
  C:3E8FH         PUBLIC        Task_MotoZ
  C:4160H         PUBLIC        Task_TempUpdate
  D:00D0H         PUBLIC        PSW
  -------         PROC          TASK_NULL
  C:0022H         LINE#         4
  -------         ENDPROC       TASK_NULL
  -------         PROC          TASK_CLEAR
  C:422FH         LINE#         10
  C:422FH         LINE#         11
  C:422FH         LINE#         29
  -------         ENDPROC       TASK_CLEAR
  -------         PROC          TASK_COLO
  C:3253H         LINE#         30
  C:3253H         LINE#         31
  C:3253H         LINE#         32
  C:3262H         LINE#         33
  C:3271H         LINE#         34
  C:3280H         LINE#         35
  C:328FH         LINE#         36
  C:329EH         LINE#         37
  C:32ADH         LINE#         38
  C:32BCH         LINE#         39
  C:32C5H         LINE#         40
  C:32D0H         LINE#         41
BL51 BANKED LINKER/LOCATER V6.22                                                      07/01/2019  15:07:36  PAGE 14


  C:32DBH         LINE#         42
  C:32E6H         LINE#         43
  C:32F1H         LINE#         44
  C:32FCH         LINE#         45
  C:3307H         LINE#         46
  C:3312H         LINE#         68
  -------         ENDPROC       TASK_COLO
  -------         PROC          TASK_TEMPUPDATE
  C:4160H         LINE#         70
  C:4160H         LINE#         71
  C:4160H         LINE#         127
  C:416AH         LINE#         128
  -------         ENDPROC       TASK_TEMPUPDATE
  -------         PROC          TASK_LEDSTOB
  C:416BH         LINE#         130
  C:416BH         LINE#         131
  C:4175H         LINE#         132
  -------         ENDPROC       TASK_LEDSTOB
  -------         PROC          TASK_LEDHCL
  C:4176H         LINE#         134
  C:4176H         LINE#         156
  C:4180H         LINE#         157
  -------         ENDPROC       TASK_LEDHCL
  -------         PROC          LED_STOB
  C:4230H         LINE#         159
  C:4230H         LINE#         160
  C:4230H         LINE#         175
  -------         ENDPROC       LED_STOB
  -------         PROC          TASK_LEDFADE
  -------         DO            
  X:0109H         SYMBOL        i
  -------         ENDDO         
  C:377EH         LINE#         177
  C:377EH         LINE#         178
  C:377EH         LINE#         179
  C:3783H         LINE#         180
  C:378BH         LINE#         181
  C:379BH         LINE#         182
  C:37BDH         LINE#         183
  C:37DCH         LINE#         184
  C:37E4H         LINE#         185
  C:37E7H         LINE#         195
  C:37F1H         LINE#         196
  -------         ENDPROC       TASK_LEDFADE
  -------         PROC          TASK_LEDDMXFADE
  C:3D69H         LINE#         200
  C:3D69H         LINE#         201
  C:3D69H         LINE#         203
  C:3D6FH         LINE#         212
  C:3D9FH         LINE#         217
  C:3DA9H         LINE#         218
  -------         ENDPROC       TASK_LEDDMXFADE
  -------         PROC          SYSCHANG_STATE
  C:4231H         LINE#         220
  C:4231H         LINE#         256
  -------         ENDPROC       SYSCHANG_STATE
  -------         PROC          TASK_LEDFADING
BL51 BANKED LINKER/LOCATER V6.22                                                      07/01/2019  15:07:36  PAGE 15


  C:4181H         LINE#         258
  C:4181H         LINE#         276
  C:418BH         LINE#         277
  -------         ENDPROC       TASK_LEDFADING
  -------         PROC          TASK_MENU
  C:4066H         LINE#         279
  C:4066H         LINE#         280
  C:4071H         LINE#         281
  C:4074H         LINE#         282
  C:407EH         LINE#         284
  -------         ENDPROC       TASK_MENU
  -------         PROC          TASK_DMXUPDATE
  -------         DO            
  X:010AH         SYMBOL        j
  -------         ENDDO         
  C:2FA9H         LINE#         302
  C:2FA9H         LINE#         304
  C:2FAEH         LINE#         306
  C:2FBFH         LINE#         307
  C:2FC2H         LINE#         308
  C:2FC4H         LINE#         309
  C:2FD3H         LINE#         310
  C:2FE9H         LINE#         311
  C:2FF1H         LINE#         312
  C:2FFBH         LINE#         313
  C:3000H         LINE#         314
  C:3005H         LINE#         315
  C:300DH         LINE#         316
  C:300DH         LINE#         317
  C:300DH         LINE#         329
  C:3018H         LINE#         330
  C:3032H         LINE#         331
  C:3034H         LINE#         332
  C:3041H         LINE#         333
  C:3046H         LINE#         334
  C:3060H         LINE#         335
  C:3060H         LINE#         337
  C:3090H         LINE#         338
  -------         ENDPROC       TASK_DMXUPDATE
  -------         PROC          TASK_MOTOY
  C:4232H         LINE#         340
  C:4232H         LINE#         412
  -------         ENDPROC       TASK_MOTOY
  -------         PROC          TASK_MOTOZ
  C:3E8FH         LINE#         414
  C:3E8FH         LINE#         415
  C:3E8FH         LINE#         464
  C:3EBFH         LINE#         465
  -------         ENDPROC       TASK_MOTOZ
  -------         PROC          _TASK_RUN
  D:0008H         SYMBOL        p
  D:000BH         SYMBOL        fpNull
  D:000EH         SYMBOL        uiPriority
  -------         DO            
  D:0011H         SYMBOL        i
  -------         ENDDO         
  C:2D7CH         LINE#         468
BL51 BANKED LINKER/LOCATER V6.22                                                      07/01/2019  15:07:36  PAGE 16


  C:2D82H         LINE#         470
  C:2D8FH         LINE#         471
  C:2DB2H         LINE#         472
  C:2DE9H         LINE#         473
  C:2E61H         LINE#         474
  C:2EAEH         LINE#         475
  C:2EAEH         LINE#         476
  C:2EAEH         LINE#         477
  C:2EB3H         LINE#         478
  C:2EB9H         LINE#         479
  -------         ENDPROC       _TASK_RUN
  -------         PROC          _TASKS_INIT
  D:0012H         SYMBOL        pTasks
  D:0015H         SYMBOL        fpTask
  D:0018H         SYMBOL        uiTimeCount
  D:001AH         SYMBOL        uiTimeBuf
  C:3C51H         LINE#         481
  C:3C57H         LINE#         482
  C:3C6CH         LINE#         483
  C:3C82H         LINE#         484
  C:3C98H         LINE#         485
  -------         ENDPROC       _TASKS_INIT
  -------         PROC          _TASK_CMD
  D:0021H         SYMBOL        pTasks
  D:0024H         SYMBOL        fpTask
  D:0027H         SYMBOL        bTaskCmd
  D:0028H         SYMBOL        fpNull
  C:3E24H         LINE#         487
  C:3E2AH         LINE#         488
  C:3E2EH         LINE#         489
  C:3E43H         LINE#         490
  C:3E44H         LINE#         491
  C:3E44H         LINE#         492
  C:3E59H         LINE#         493
  C:3E59H         LINE#         494
  -------         ENDPROC       _TASK_CMD
  -------         PROC          TASK_INIT
  C:1726H         LINE#         496
  C:1726H         LINE#         497
  C:1726H         LINE#         498
  C:1753H         LINE#         499
  C:1780H         LINE#         500
  C:17ADH         LINE#         501
  C:17DAH         LINE#         502
  C:1807H         LINE#         503
  C:1834H         LINE#         505
  C:1861H         LINE#         506
  C:188EH         LINE#         507
  C:18BBH         LINE#         508
  C:18E8H         LINE#         510
  C:1918H         LINE#         511
  C:1948H         LINE#         512
  C:1978H         LINE#         513
  C:19A8H         LINE#         515
  C:19D8H         LINE#         516
  C:1A08H         LINE#         518
  C:1A38H         LINE#         520
BL51 BANKED LINKER/LOCATER V6.22                                                      07/01/2019  15:07:36  PAGE 17


  C:1A68H         LINE#         521
  C:1A98H         LINE#         522
  C:1AC8H         LINE#         524
  -------         ENDPROC       TASK_INIT
  -------         PROC          _ADC_CON
  D:0034H         SYMBOL        p
  D:0037H         SYMBOL        StobValuebuf
  D:003AH         SYMBOL        StobValue
  C:4204H         LINE#         526
  C:420AH         LINE#         527
  C:420AH         LINE#         530
  -------         ENDPROC       _ADC_CON
  -------         PROC          TASK_SYS
  C:4233H         LINE#         532
  C:4233H         LINE#         533
  C:4233H         LINE#         578
  -------         ENDPROC       TASK_SYS
  -------         ENDMOD        TASK_51

  -------         MODULE        LED
  C:0000H         SYMBOL        _ICE_DUMMY_
  X:0248H         PUBLIC        LedEffect2_State
  X:0249H         PUBLIC        LedEffect3_State
  C:41DAH         PUBLIC        _LedYellowValueUpdate
  D:0080H         PUBLIC        P0
  X:024AH         PUBLIC        LedEffect4_State
  D:0090H         PUBLIC        P1
  X:024BH         PUBLIC        LedEffect5_State
  D:00A0H         PUBLIC        P2
  D:00B0H         PUBLIC        P3
  C:41D1H         PUBLIC        _LedWhiteValueUpdate
  D:00D8H         PUBLIC        PWMCON0
  C:41C8H         PUBLIC        _LedBlueValueUpdate
  D:00A8H         PUBLIC        IE
  C:360DH         PUBLIC        LedDMXDataCmd
  D:00B8H         PUBLIC        IP
  C:422CH         PUBLIC        _LedStobValueUpdate
  C:41ECH         PUBLIC        CHASE_LED
  C:41B6H         PUBLIC        _LedRedValueUpdate
  X:024CH         PUBLIC        FadePwmValue
  C:0003H         PUBLIC        LedAllValueUpdate_0
  X:024DH         PUBLIC        LedEffect2_StateMARK
  X:024EH         PUBLIC        LED_RegStructure
  D:0098H         PUBLIC        SCON
  D:0088H         PUBLIC        TCON
  D:00F8H         PUBLIC        SCON_1
  C:0026H         PUBLIC        _LedStobValueTask
  D:00E8H         PUBLIC        ADCCON0
  D:00C0H         PUBLIC        I2CON
  D:00C8H         PUBLIC        T2CON
  C:41BFH         PUBLIC        _LedGreenValueUpdate
  D:00D0H         PUBLIC        PSW
  C:41E3H         PUBLIC        _LedPurpleValueUpdate
  X:026FH         PUBLIC        LedEffect1_State
  -------         PROC          _LEDREDVALUEUPDATE
  D:0063H         SYMBOL        ByteData
  C:41B6H         LINE#         230
BL51 BANKED LINKER/LOCATER V6.22                                                      07/01/2019  15:07:36  PAGE 18


  C:41B8H         LINE#         231
  C:41BEH         LINE#         232
  -------         ENDPROC       _LEDREDVALUEUPDATE
  -------         PROC          _LEDGREENVALUEUPDATE
  D:0064H         SYMBOL        ByteData
  C:41BFH         LINE#         234
  C:41C1H         LINE#         235
  C:41C7H         LINE#         236
  -------         ENDPROC       _LEDGREENVALUEUPDATE
  -------         PROC          _LEDBLUEVALUEUPDATE
  D:0065H         SYMBOL        ByteData
  C:41C8H         LINE#         238
  C:41CAH         LINE#         239
  C:41D0H         LINE#         240
  -------         ENDPROC       _LEDBLUEVALUEUPDATE
  -------         PROC          _LEDWHITEVALUEUPDATE
  D:0066H         SYMBOL        ByteData
  C:41D1H         LINE#         242
  C:41D3H         LINE#         243
  C:41D9H         LINE#         244
  -------         ENDPROC       _LEDWHITEVALUEUPDATE
  -------         PROC          _LEDYELLOWVALUEUPDATE
  D:0067H         SYMBOL        ByteData
  C:41DAH         LINE#         246
  C:41DCH         LINE#         247
  C:41E2H         LINE#         248
  -------         ENDPROC       _LEDYELLOWVALUEUPDATE
  -------         PROC          _LEDPURPLEVALUEUPDATE
  D:0068H         SYMBOL        ByteData
  C:41E3H         LINE#         250
  C:41E5H         LINE#         251
  C:41EBH         LINE#         252
  -------         ENDPROC       _LEDPURPLEVALUEUPDATE
  -------         PROC          LEDALLVALUEUPDATE_0
  C:0003H         LINE#         254
  C:0003H         LINE#         256
  C:0008H         LINE#         257
  C:000DH         LINE#         258
  C:0012H         LINE#         259
  C:0017H         LINE#         260
  C:001CH         LINE#         261
  C:0021H         LINE#         262
  -------         ENDPROC       LEDALLVALUEUPDATE_0
  -------         PROC          _LEDSTOBVALUETASK
  D:0069H         SYMBOL        e
  C:0026H         LINE#         264
  C:0028H         LINE#         274
  C:002AH         LINE#         275
  -------         ENDPROC       _LEDSTOBVALUETASK
  -------         PROC          _LEDSTOBVALUEUPDATE
  D:006AH         SYMBOL        ByteData
  C:422CH         LINE#         277
  C:422EH         LINE#         292
  -------         ENDPROC       _LEDSTOBVALUEUPDATE
  -------         PROC          LEDDMXDATACMD
  C:360DH         LINE#         341
  C:360DH         LINE#         342
BL51 BANKED LINKER/LOCATER V6.22                                                      07/01/2019  15:07:36  PAGE 19


  C:3612H         LINE#         343
  C:3617H         LINE#         345
  C:362DH         LINE#         346
  C:362DH         LINE#         347
  C:362DH         LINE#         348
  C:3636H         LINE#         349
  C:363EH         LINE#         351
  C:3646H         LINE#         352
  C:364EH         LINE#         353
  C:3656H         LINE#         354
  C:365EH         LINE#         356
  C:365FH         LINE#         357
  C:365FH         LINE#         361
  C:3668H         LINE#         362
  C:3670H         LINE#         364
  C:3678H         LINE#         365
  C:3680H         LINE#         366
  C:3688H         LINE#         367
  C:3690H         LINE#         368
  C:3690H         LINE#         369
  C:3690H         LINE#         370
  C:3690H         LINE#         371
  C:3690H         LINE#         372
  C:3690H         LINE#         373
  -------         ENDPROC       LEDDMXDATACMD
  -------         ENDMOD        LED

  -------         MODULE        MENU
  C:0000H         SYMBOL        _ICE_DUMMY_
  C:13C3H         PUBLIC        Manu_BluUpdate
  D:0080H         PUBLIC        P0
  C:1539H         PUBLIC        Fade_Children
  D:0090H         PUBLIC        P1
  D:00A0H         PUBLIC        P2
  D:00B0H         PUBLIC        P3
  C:13B2H         PUBLIC        Manu_GrnUpdate
  C:13D4H         PUBLIC        Manu_WhiUpdate
  C:13E5H         PUBLIC        Manu_YelUpdate
  X:027CH         PUBLIC        UserChoose
  D:00D8H         PUBLIC        PWMCON0
  C:166BH         PUBLIC        Chan_Children
  C:15D2H         PUBLIC        Addr_Children
  D:00A8H         PUBLIC        IE
  C:37F2H         PUBLIC        SYS_MenuInit
  C:14A0H         PUBLIC        Reset_Children
  C:1715H         PUBLIC        Menu_Null
  C:38D1H         PUBLIC        _MenuChar
  D:00B8H         PUBLIC        IP
  C:3709H         PUBLIC        _MenuDisplayStart5_
  C:16AFH         PUBLIC        MainMenu
  C:1429H         PUBLIC        Calibrations_GreenUpdate
  X:027DH         PUBLIC        LongMark
  C:157DH         PUBLIC        Manu_Children
  D:0050H         PUBLIC        MenuPoint
  X:027EH         PUBLIC        GreenLumValue
  C:154AH         PUBLIC        Auto_Children
  X:027FH         PUBLIC        MaxItems
BL51 BANKED LINKER/LOCATER V6.22                                                      07/01/2019  15:07:36  PAGE 20


  X:0280H         PUBLIC        PurpleLumValue
  X:0281H         PUBLIC        Option1
  X:0282H         PUBLIC        Option2
  C:2443H         PUBLIC        _MenuAddDec
  C:144BH         PUBLIC        Calibrations_WhiteUpdate
  X:0283H         PUBLIC        YellowLumValue
  C:155BH         PUBLIC        Nors_Children
  D:0098H         PUBLIC        SCON
  X:0284H         PUBLIC        WhiteLumValue
  D:0088H         PUBLIC        TCON
  C:143AH         PUBLIC        Calibrations_BlueUpdate
  C:3B70H         PUBLIC        _MenuDisplayStart2
  C:1638H         PUBLIC        Fun_Children
  C:3588H         PUBLIC        _MenuDisplayStart5
  C:2A5BH         PUBLIC        _GetAddDec
  X:0285H         PUBLIC        BlueLumValue
  C:1AC9H         PUBLIC        MenuShow
  C:168DH         PUBLIC        Ver_Children
  C:4235H         SYMBOL        NullSubs
  C:145CH         PUBLIC        NoDMXStatus_Children
  C:15E3H         PUBLIC        Run_Children
  D:00F8H         PUBLIC        SCON_1
  C:1418H         PUBLIC        Calibrations_RedUpdate
  X:0286H         PUBLIC        RedLumValue
  C:1382H         PUBLIC        Number_Char
  C:1407H         PUBLIC        Manu_StrobeUpdate
  C:1D66H         PUBLIC        key_scan
  X:0287H         PUBLIC        KeyDowmMark
  C:13F6H         PUBLIC        Manu_PurpleUpdate
  C:4234H         PUBLIC        MenuKeyInit
  D:00E8H         PUBLIC        ADCCON0
  D:00C0H         PUBLIC        I2CON
  X:0288H         PUBLIC        KeyUPMark
  C:002EH         PUBLIC        MenuChange
  C:147EH         PUBLIC        LED_Children
  D:00C8H         PUBLIC        T2CON
  X:0289H         PUBLIC        DisplayPoint
  C:14C2H         PUBLIC        Factory_Children
  X:028AH         PUBLIC        DisplayStart
  X:028BH         PUBLIC        LongKeyUPMark
  C:14E4H         PUBLIC        Calibrations_Children
  C:3EEDH         PUBLIC        MainNormal
  C:13A1H         PUBLIC        Manu_RedUpdate
  X:028CH         PUBLIC        Memory_Stob
  C:156CH         PUBLIC        Sond_SoseUpdate
  D:00D0H         PUBLIC        PSW
  C:1390H         PUBLIC        Auto_HclUpdate
  C:33C0H         PUBLIC        MenuChoose
  X:028DH         PUBLIC        Option
  C:3DAAH         PUBLIC        Menulayer_Choose
  -------         PROC          MENUKEYINIT
  C:4234H         LINE#         57
  C:4234H         LINE#         58
  -------         ENDPROC       MENUKEYINIT
  -------         PROC          NULLSUBS
  C:4235H         LINE#         74
  C:4235H         LINE#         75
BL51 BANKED LINKER/LOCATER V6.22                                                      07/01/2019  15:07:36  PAGE 21


  -------         ENDPROC       NULLSUBS
  -------         PROC          KEY_SCAN
  -------         DO            
  X:0270H         SYMBOL        KeyState
  X:0271H         SYMBOL        KeyDelay
  X:0272H         SYMBOL        KeyBuf
  X:0273H         SYMBOL        KeyPress
  X:0274H         SYMBOL        KeyReturn
  -------         ENDDO         
  C:1D66H         LINE#         302
  C:1D66H         LINE#         303
  C:1D66H         LINE#         308
  C:1D6CH         LINE#         309
  C:1D72H         LINE#         312
  C:1D75H         LINE#         313
  C:1D8BH         LINE#         314
  C:1DA4H         LINE#         315
  C:1DA4H         LINE#         316
  C:1DA4H         LINE#         317
  C:1DAAH         LINE#         318
  C:1DACH         LINE#         319
  C:1DACH         LINE#         320
  C:1DB2H         LINE#         321
  C:1DB4H         LINE#         322
  C:1DB4H         LINE#         323
  C:1DBAH         LINE#         324
  C:1DBCH         LINE#         325
  C:1DBCH         LINE#         326
  C:1DC2H         LINE#         329
  C:1DC4H         LINE#         330
  C:1DCAH         LINE#         331
  C:1DCAH         LINE#         333
  C:1DE6H         LINE#         334
  C:1DE6H         LINE#         335
  C:1DF3H         LINE#         336
  C:1DF9H         LINE#         337
  C:1E03H         LINE#         338
  C:1E03H         LINE#         339
  C:1E06H         LINE#         340
  C:1E06H         LINE#         341
  C:1E10H         LINE#         342
  C:1E1EH         LINE#         343
  C:1E23H         LINE#         344
  C:1E26H         LINE#         345
  C:1E26H         LINE#         346
  C:1E2CH         LINE#         347
  C:1E32H         LINE#         348
  C:1E32H         LINE#         349
  C:1E35H         LINE#         350
  C:1E35H         LINE#         351
  C:1E3AH         LINE#         352
  C:1E3AH         LINE#         353
  C:1E3DH         LINE#         354
  C:1E3DH         LINE#         355
  C:1E4AH         LINE#         356
  C:1E50H         LINE#         357
  C:1E5BH         LINE#         358
BL51 BANKED LINKER/LOCATER V6.22                                                      07/01/2019  15:07:36  PAGE 22


  C:1E61H         LINE#         359
  C:1E66H         LINE#         360
  C:1E69H         LINE#         361
  C:1EBFH         LINE#         362
  C:1EC5H         LINE#         363
  C:1ECAH         LINE#         364
  C:1ECAH         LINE#         365
  C:1ECDH         LINE#         366
  C:1ECDH         LINE#         367
  C:1ECDH         LINE#         368
  C:1EDAH         LINE#         369
  C:1F8BH         LINE#         370
  C:1F8DH         LINE#         371
  C:1F8DH         LINE#         372
  C:1F8DH         LINE#         373
  C:1F96H         LINE#         374
  C:1F9BH         LINE#         375
  C:1FA3H         LINE#         376
  C:1FB1H         LINE#         378
  C:1FB1H         LINE#         379
  C:1FB7H         LINE#         380
  C:1FBCH         LINE#         381
  C:1FC1H         LINE#         382
  C:1FC1H         LINE#         383
  C:1FC1H         LINE#         384
  C:1FC1H         LINE#         385
  C:1FC1H         LINE#         386
  C:1FC6H         LINE#         387
  -------         ENDPROC       KEY_SCAN
  -------         PROC          _MENUCHAR
  D:004DH         SYMBOL        dat
  D:004FH         SYMBOL        M
  C:38D1H         LINE#         389
  C:38D7H         LINE#         390
  C:38D7H         LINE#         391
  C:38DDH         LINE#         392
  C:38E4H         LINE#         393
  C:38EAH         LINE#         394
  C:38ECH         LINE#         395
  C:38ECH         LINE#         396
  C:3909H         LINE#         397
  C:3909H         LINE#         398
  C:3926H         LINE#         399
  C:3938H         LINE#         400
  -------         ENDPROC       _MENUCHAR
  -------         PROC          MENUSHOW
  C:1AC9H         LINE#         457
  C:1AC9H         LINE#         458
  C:1AD5H         LINE#         459
  C:1AEAH         LINE#         460
  C:1AF4H         LINE#         461
  C:1AF9H         LINE#         463
  C:1B5BH         LINE#         464
  C:1B5BH         LINE#         465
  C:1B5BH         LINE#         466
  C:1B68H         LINE#         467
  C:1B6EH         LINE#         468
BL51 BANKED LINKER/LOCATER V6.22                                                      07/01/2019  15:07:36  PAGE 23


  C:1B71H         LINE#         469
  C:1B71H         LINE#         470
  C:1B7EH         LINE#         471
  C:1B84H         LINE#         472
  C:1B8AH         LINE#         473
  C:1B8DH         LINE#         474
  C:1B8DH         LINE#         475
  C:1B9AH         LINE#         476
  C:1B9DH         LINE#         477
  C:1B9DH         LINE#         478
  C:1BAAH         LINE#         479
  C:1BB0H         LINE#         480
  C:1BB6H         LINE#         481
  C:1BB9H         LINE#         482
  C:1BB9H         LINE#         483
  C:1BC6H         LINE#         484
  C:1BC9H         LINE#         485
  C:1BC9H         LINE#         486
  C:1BD6H         LINE#         487
  C:1BD9H         LINE#         488
  C:1BD9H         LINE#         489
  C:1BE6H         LINE#         490
  C:1BE9H         LINE#         491
  C:1BE9H         LINE#         492
  C:1BF6H         LINE#         493
  C:1BF9H         LINE#         502
  C:1BF9H         LINE#         503
  C:1C06H         LINE#         504
  C:1C09H         LINE#         505
  C:1C09H         LINE#         506
  C:1C16H         LINE#         507
  C:1C19H         LINE#         508
  C:1C19H         LINE#         509
  C:1C26H         LINE#         510
  C:1C29H         LINE#         511
  C:1C29H         LINE#         512
  C:1C36H         LINE#         513
  C:1C39H         LINE#         521
  C:1C3CH         LINE#         522
  C:1C3CH         LINE#         523
  C:1C48H         LINE#         524
  C:1C52H         LINE#         525
  C:1C5CH         LINE#         526
  C:1C62H         LINE#         527
  C:1C68H         LINE#         528
  C:1C6BH         LINE#         529
  C:1C6BH         LINE#         530
  C:1C71H         LINE#         531
  C:1C77H         LINE#         532
  C:1C7CH         LINE#         533
  C:1C81H         LINE#         534
  C:1C8FH         LINE#         535
  C:1C92H         LINE#         536
  C:1C92H         LINE#         537
  C:1C9FH         LINE#         538
  C:1CA2H         LINE#         539
  C:1CA2H         LINE#         540
BL51 BANKED LINKER/LOCATER V6.22                                                      07/01/2019  15:07:36  PAGE 24


  C:1CAFH         LINE#         541
  C:1CB2H         LINE#         542
  C:1CB2H         LINE#         543
  C:1CDEH         LINE#         544
  C:1D0AH         LINE#         545
  C:1D36H         LINE#         546
  C:1D62H         LINE#         547
  C:1D62H         LINE#         548
  C:1D62H         LINE#         549
  C:1D62H         LINE#         551
  C:1D65H         LINE#         552
  -------         ENDPROC       MENUSHOW
  -------         PROC          _GETADDDEC
  D:003CH         SYMBOL        Bytedata
  D:003FH         SYMBOL        max
  D:0041H         SYMBOL        min
  D:0042H         SYMBOL        adddec
  C:2A5BH         LINE#         584
  C:2A65H         LINE#         585
  C:2A6CH         LINE#         586
  C:2A74H         LINE#         587
  C:2AAFH         LINE#         588
  C:2AD2H         LINE#         589
  C:2AD4H         LINE#         590
  C:2AD4H         LINE#         591
  C:2B0FH         LINE#         592
  C:2B0FH         LINE#         593
  C:2B28H         LINE#         594
  C:2B2DH         LINE#         595
  C:2B2DH         LINE#         596
  C:2B2EH         LINE#         597
  C:2B2EH         LINE#         598
  C:2B36H         LINE#         599
  C:2B73H         LINE#         600
  C:2B96H         LINE#         601
  C:2B98H         LINE#         602
  C:2B98H         LINE#         603
  C:2BD5H         LINE#         604
  C:2BD5H         LINE#         605
  C:2BEDH         LINE#         606
  C:2BF2H         LINE#         607
  C:2BF2H         LINE#         608
  C:2BF2H         LINE#         610
  -------         ENDPROC       _GETADDDEC
  -------         PROC          _MENUADDDEC
  D:006BH         SYMBOL        adddec
  C:2443H         LINE#         612
  C:2445H         LINE#         613
  C:2445H         LINE#         614
  C:24A1H         LINE#         615
  C:24A1H         LINE#         616
  C:24A1H         LINE#         617
  C:24B4H         LINE#         618
  C:24B7H         LINE#         619
  C:24B7H         LINE#         620
  C:24CAH         LINE#         621
  C:24D2H         LINE#         622
BL51 BANKED LINKER/LOCATER V6.22                                                      07/01/2019  15:07:36  PAGE 25


  C:24D7H         LINE#         623
  C:24DAH         LINE#         624
  C:24DAH         LINE#         625
  C:24EDH         LINE#         626
  C:24F8H         LINE#         627
  C:2505H         LINE#         628
  C:2508H         LINE#         629
  C:2508H         LINE#         630
  C:251BH         LINE#         631
  C:251EH         LINE#         632
  C:251EH         LINE#         633
  C:2531H         LINE#         634
  C:253CH         LINE#         635
  C:2549H         LINE#         636
  C:254CH         LINE#         637
  C:254CH         LINE#         638
  C:255FH         LINE#         639
  C:256AH         LINE#         640
  C:2577H         LINE#         641
  C:257AH         LINE#         642
  C:257AH         LINE#         643
  C:258DH         LINE#         644
  C:2598H         LINE#         645
  C:25A5H         LINE#         646
  C:25A8H         LINE#         647
  C:25A8H         LINE#         648
  C:25BBH         LINE#         649
  C:25C6H         LINE#         650
  C:25D3H         LINE#         651
  C:25D6H         LINE#         663
  C:25D9H         LINE#         664
  C:25D9H         LINE#         665
  C:25ECH         LINE#         666
  C:25EFH         LINE#         667
  C:25EFH         LINE#         668
  C:2602H         LINE#         669
  C:2604H         LINE#         670
  C:2604H         LINE#         671
  C:2617H         LINE#         672
  C:2619H         LINE#         673
  C:2619H         LINE#         674
  C:262CH         LINE#         675
  C:262EH         LINE#         676
  C:262EH         LINE#         677
  C:2641H         LINE#         678
  C:2643H         LINE#         679
  C:2643H         LINE#         680
  C:2656H         LINE#         681
  C:2658H         LINE#         690
  C:2658H         LINE#         691
  C:266BH         LINE#         692
  C:266DH         LINE#         693
  C:2670H         LINE#         694
  C:2670H         LINE#         695
  C:2672H         LINE#         696
  -------         ENDPROC       _MENUADDDEC
  -------         PROC          _MENUDISPLAYSTART2
BL51 BANKED LINKER/LOCATER V6.22                                                      07/01/2019  15:07:36  PAGE 26


  D:005FH         SYMBOL        a
  D:0060H         SYMBOL        b
  C:3B70H         LINE#         698
  C:3B74H         LINE#         699
  C:3BA0H         LINE#         700
  C:3BA5H         LINE#         701
  C:3BAAH         LINE#         702
  C:3BAFH         LINE#         703
  C:3BB0H         LINE#         704
  C:3BB0H         LINE#         705
  C:3BB6H         LINE#         706
  C:3BBCH         LINE#         707
  C:3BBCH         LINE#         708
  -------         ENDPROC       _MENUDISPLAYSTART2
  -------         PROC          _MENUDISPLAYSTART5
  D:006CH         SYMBOL        a
  C:3588H         LINE#         709
  C:358AH         LINE#         710
  C:358AH         LINE#         711
  C:35B6H         LINE#         712
  C:35CEH         LINE#         713
  C:35CEH         LINE#         714
  C:35D3H         LINE#         715
  C:35D8H         LINE#         716
  C:35D9H         LINE#         717
  C:35D9H         LINE#         718
  C:35DFH         LINE#         719
  C:35E5H         LINE#         720
  C:35E6H         LINE#         721
  C:35E6H         LINE#         722
  C:35ECH         LINE#         723
  C:35F2H         LINE#         724
  C:35F3H         LINE#         725
  C:35F3H         LINE#         726
  C:35F9H         LINE#         727
  C:35FFH         LINE#         728
  C:3600H         LINE#         729
  C:3600H         LINE#         730
  C:3606H         LINE#         731
  C:360CH         LINE#         732
  C:360CH         LINE#         733
  C:360CH         LINE#         734
  C:360CH         LINE#         735
  -------         ENDPROC       _MENUDISPLAYSTART5
  -------         PROC          _MENUDISPLAYSTART5_
  D:006DH         SYMBOL        a
  C:3709H         LINE#         737
  C:370BH         LINE#         738
  C:370BH         LINE#         739
  C:3737H         LINE#         740
  C:374CH         LINE#         741
  C:374CH         LINE#         742
  C:3751H         LINE#         743
  C:3756H         LINE#         744
  C:3757H         LINE#         745
  C:3757H         LINE#         746
  C:375DH         LINE#         747
BL51 BANKED LINKER/LOCATER V6.22                                                      07/01/2019  15:07:36  PAGE 27


  C:3763H         LINE#         748
  C:3764H         LINE#         749
  C:3764H         LINE#         750
  C:376AH         LINE#         751
  C:3770H         LINE#         752
  C:3771H         LINE#         753
  C:3771H         LINE#         754
  C:3777H         LINE#         755
  C:377DH         LINE#         756
  C:377DH         LINE#         757
  C:377DH         LINE#         758
  C:377DH         LINE#         759
  -------         ENDPROC       _MENUDISPLAYSTART5_
  -------         PROC          MENUCHOOSE
  C:33C0H         LINE#         761
  C:33C0H         LINE#         762
  C:33CEH         LINE#         763
  C:33F8H         LINE#         764
  C:33F9H         LINE#         765
  C:3407H         LINE#         766
  C:3431H         LINE#         767
  C:3432H         LINE#         768
  C:3432H         LINE#         769
  C:345CH         LINE#         770
  C:345CH         LINE#         771
  -------         ENDPROC       MENUCHOOSE
  -------         PROC          MENULAYER_CHOOSE
  C:3DAAH         LINE#         773
  C:3DAAH         LINE#         774
  C:3DB8H         LINE#         775
  C:3DC2H         LINE#         776
  C:3DC3H         LINE#         777
  C:3DD1H         LINE#         778
  C:3DDBH         LINE#         779
  C:3DDCH         LINE#         780
  C:3DDCH         LINE#         781
  C:3DE6H         LINE#         782
  C:3DE6H         LINE#         783
  -------         ENDPROC       MENULAYER_CHOOSE
  -------         PROC          SYS_MENUINIT
  C:37F2H         LINE#         785
  C:37F2H         LINE#         786
  C:37F8H         LINE#         787
  C:37FEH         LINE#         788
  C:380AH         LINE#         789
  C:3826H         LINE#         790
  C:3826H         LINE#         791
  C:382BH         LINE#         792
  C:3830H         LINE#         793
  C:3831H         LINE#         794
  C:3831H         LINE#         795
  C:3837H         LINE#         796
  C:383DH         LINE#         797
  C:383EH         LINE#         798
  C:383EH         LINE#         799
  C:3844H         LINE#         800
  C:384AH         LINE#         801
BL51 BANKED LINKER/LOCATER V6.22                                                      07/01/2019  15:07:36  PAGE 28


  C:384BH         LINE#         802
  C:384BH         LINE#         803
  C:3851H         LINE#         804
  C:3857H         LINE#         805
  C:3858H         LINE#         806
  C:3858H         LINE#         807
  C:385EH         LINE#         808
  C:3864H         LINE#         809
  C:3864H         LINE#         810
  C:3864H         LINE#         811
  C:3864H         LINE#         812
  -------         ENDPROC       SYS_MENUINIT
  -------         PROC          MENUCHANGE
  -------         DO            
  X:0275H         SYMBOL        GetKeyNum
  X:0276H         SYMBOL        EscLongNum
  X:0278H         SYMBOL        DmxMark
  X:027AH         SYMBOL        FlashNum
  -------         ENDDO         
  C:002EH         LINE#         817
  C:002EH         LINE#         818
  C:002EH         LINE#         821
  C:0036H         LINE#         823
  C:0046H         LINE#         824
  C:005BH         LINE#         825
  C:0068H         LINE#         826
  C:0068H         LINE#         827
  C:006DH         LINE#         828
  C:0079H         LINE#         829
  C:0082H         LINE#         830
  C:008BH         LINE#         831
  C:0093H         LINE#         832
  C:009BH         LINE#         833
  C:009EH         LINE#         834
  C:00A7H         LINE#         835
  C:00AEH         LINE#         837
  C:00AEH         LINE#         838
  C:00B4H         LINE#         839
  C:00BDH         LINE#         840
  C:00E2H         LINE#         841
  C:00E2H         LINE#         842
  C:00E2H         LINE#         843
  C:00EDH         LINE#         844
  C:00F3H         LINE#         845
  C:0103H         LINE#         846
  C:0103H         LINE#         847
  C:0110H         LINE#         848
  C:0110H         LINE#         849
  C:0110H         LINE#         850
  C:0113H         LINE#         851
  C:0113H         LINE#         852
  C:011EH         LINE#         853
  C:0124H         LINE#         854
  C:0135H         LINE#         855
  C:0135H         LINE#         856
  C:013AH         LINE#         857
  C:013AH         LINE#         858
BL51 BANKED LINKER/LOCATER V6.22                                                      07/01/2019  15:07:36  PAGE 29


  C:013AH         LINE#         859
  C:013DH         LINE#         860
  C:013DH         LINE#         861
  C:0148H         LINE#         862
  C:0153H         LINE#         863
  C:0154H         LINE#         865
  C:0154H         LINE#         866
  C:0157H         LINE#         867
  C:0158H         LINE#         869
  C:0158H         LINE#         870
  C:015BH         LINE#         871
  C:015BH         LINE#         872
  C:0166H         LINE#         873
  C:0172H         LINE#         875
  C:0172H         LINE#         876
  C:0175H         LINE#         877
  C:0176H         LINE#         879
  C:0176H         LINE#         880
  C:0179H         LINE#         881
  C:0179H         LINE#         884
  C:01BEH         LINE#         885
  C:01E1H         LINE#         886
  C:01E1H         LINE#         887
  C:0238H         LINE#         888
  C:0240H         LINE#         889
  C:0255H         LINE#         890
  C:025AH         LINE#         891
  C:025FH         LINE#         892
  C:0262H         LINE#         893
  C:0265H         LINE#         894
  C:02ADH         LINE#         895
  C:02F5H         LINE#         896
  C:02F8H         LINE#         897
  C:033DH         LINE#         898
  C:0345H         LINE#         899
  C:0348H         LINE#         901
  C:038DH         LINE#         902
  C:0395H         LINE#         903
  C:0398H         LINE#         920
  C:03DDH         LINE#         921
  C:03E5H         LINE#         922
  C:03E8H         LINE#         923
  C:042DH         LINE#         924
  C:043AH         LINE#         925
  C:043CH         LINE#         926
  C:043CH         LINE#         927
  C:0468H         LINE#         928
  C:046DH         LINE#         929
  C:0472H         LINE#         930
  C:0472H         LINE#         931
  C:0474H         LINE#         932
  C:0474H         LINE#         933
  C:0489H         LINE#         934
  C:048EH         LINE#         935
  C:0493H         LINE#         936
  C:0496H         LINE#         937
  C:0496H         LINE#         938
BL51 BANKED LINKER/LOCATER V6.22                                                      07/01/2019  15:07:36  PAGE 30


  C:0496H         LINE#         939
  C:04A2H         LINE#         954
  C:04A5H         LINE#         955
  C:04A5H         LINE#         956
  C:04EDH         LINE#         961
  C:04F1H         LINE#         963
  C:04F4H         LINE#         964
  C:04F4H         LINE#         966
  C:0501H         LINE#         967
  C:0501H         LINE#         969
  C:0501H         LINE#         970
  C:052FH         LINE#         971
  C:0544H         LINE#         972
  C:0549H         LINE#         973
  C:054EH         LINE#         974
  C:0551H         LINE#         975
  C:0553H         LINE#         976
  C:0553H         LINE#         977
  C:0559H         LINE#         978
  C:0567H         LINE#         979
  C:056CH         LINE#         980
  C:056CH         LINE#         981
  C:056CH         LINE#         982
  C:056EH         LINE#         983
  C:056EH         LINE#         984
  C:057FH         LINE#         986
  C:0580H         LINE#         987
  C:0580H         LINE#         989
  C:05A5H         LINE#         991
  C:05DBH         LINE#         992
  C:05E5H         LINE#         993
  C:05E5H         LINE#         995
  C:05E8H         LINE#         996
  C:05EBH         LINE#         998
  C:061AH         LINE#         999
  C:061AH         LINE#         1000
  C:0630H         LINE#         1001
  C:065FH         LINE#         1002
  C:067EH         LINE#         1003
  C:067EH         LINE#         1004
  C:067EH         LINE#         1005
  C:068AH         LINE#         1006
  C:068DH         LINE#         1007
  C:068DH         LINE#         1008
  C:0695H         LINE#         1009
  C:06A1H         LINE#         1010
  C:06A4H         LINE#         1011
  C:06A7H         LINE#         1012
  C:06A7H         LINE#         1013
  C:06A7H         LINE#         1014
  C:06AAH         LINE#         1015
  C:06B7H         LINE#         1016
  C:06BFH         LINE#         1017
  C:06EDH         LINE#         1018
  C:0702H         LINE#         1019
  C:0707H         LINE#         1020
  C:070CH         LINE#         1021
BL51 BANKED LINKER/LOCATER V6.22                                                      07/01/2019  15:07:36  PAGE 31


  C:070FH         LINE#         1022
  C:0719H         LINE#         1023
  C:071BH         LINE#         1024
  C:071BH         LINE#         1025
  C:0727H         LINE#         1026
  C:0727H         LINE#         1028
  C:075DH         LINE#         1029
  C:0767H         LINE#         1030
  C:0767H         LINE#         1032
  C:076AH         LINE#         1033
  C:076AH         LINE#         1034
  C:076CH         LINE#         1035
  C:0778H         LINE#         1036
  C:0784H         LINE#         1037
  C:079AH         LINE#         1038
  C:07A2H         LINE#         1042
  C:07A2H         LINE#         1043
  C:07A7H         LINE#         1044
  C:07A7H         LINE#         1045
  C:07A7H         LINE#         1046
  C:07A7H         LINE#         1047
  C:07A7H         LINE#         1048
  C:07C3H         LINE#         1049
  C:07D9H         LINE#         1050
  C:07E1H         LINE#         1051
  C:0806H         LINE#         1053
  C:083CH         LINE#         1054
  C:0846H         LINE#         1055
  C:0846H         LINE#         1057
  C:0849H         LINE#         1058
  C:0849H         LINE#         1059
  C:0849H         LINE#         1062
  -------         ENDPROC       MENUCHANGE
  -------         PROC          MAINNORMAL
  C:3EEDH         LINE#         1063
  C:3EEDH         LINE#         1064
  C:3F12H         LINE#         1065
  C:3F15H         LINE#         1066
  C:3F15H         LINE#         1067
  C:3F17H         LINE#         1068
  -------         ENDPROC       MAINNORMAL
  -------         ENDMOD        MENU

  -------         MODULE        PWM
  C:0000H         SYMBOL        _ICE_DUMMY_
  D:00B1H         PUBLIC        P0M1
  D:00B3H         PUBLIC        P1M1
  D:00B2H         PUBLIC        P0M2
  D:0080H         PUBLIC        P0
  D:00B4H         PUBLIC        P1M2
  D:0090H         PUBLIC        P1
  D:00A0H         PUBLIC        P2
  D:00B0H         PUBLIC        P3
  B:00A8H.7       PUBLIC        EA
  D:00D8H         PUBLIC        PWMCON0
  D:00DFH         PUBLIC        PWMCON1
  D:00D1H         PUBLIC        PWMPH
BL51 BANKED LINKER/LOCATER V6.22                                                      07/01/2019  15:07:36  PAGE 32


  D:00A8H         PUBLIC        IE
  D:00D9H         PUBLIC        PWMPL
  D:00C7H         PUBLIC        TA
  D:00B8H         PUBLIC        IP
  B:00D8H.6       PUBLIC        LOAD
  C:3691H         PUBLIC        Pwm_Init
  D:0098H         PUBLIC        SCON
  D:0088H         PUBLIC        TCON
  D:0091H         PUBLIC        SFRS
  D:00F8H         PUBLIC        SCON_1
  D:00E8H         PUBLIC        ADCCON0
  D:00C0H         PUBLIC        I2CON
  D:00C8H         PUBLIC        T2CON
  B:00D8H.7       PUBLIC        PWMRUN
  D:00D2H         PUBLIC        PWM0H
  D:00D3H         PUBLIC        PWM1H
  D:00D4H         PUBLIC        PWM2H
  D:00D5H         PUBLIC        PWM3H
  D:00DAH         PUBLIC        PWM0L
  D:00C4H         PUBLIC        PWM4H
  D:00DBH         PUBLIC        PWM1L
  D:00C5H         PUBLIC        PWM5H
  D:00DCH         PUBLIC        PWM2L
  D:00DDH         PUBLIC        PWM3L
  D:00CCH         PUBLIC        PWM4L
  D:00CDH         PUBLIC        PWM5L
  D:00DEH         PUBLIC        PIOCON0
  D:00D0H         PUBLIC        PSW
  C:3091H         PUBLIC        _Pwm_Update
  -------         PROC          _PWM_UPDATE
  D:0053H         SYMBOL        state
  D:0054H         SYMBOL        pwm
  C:3091H         LINE#         97
  C:3097H         LINE#         99
  C:30B2H         LINE#         100
  C:30B2H         LINE#         101
  C:30BCH         LINE#         102
  C:30C3H         LINE#         103
  C:30C6H         LINE#         104
  C:30C6H         LINE#         105
  C:30D0H         LINE#         106
  C:30D7H         LINE#         107
  C:30DAH         LINE#         108
  C:30DAH         LINE#         109
  C:30E4H         LINE#         110
  C:30EBH         LINE#         111
  C:30EEH         LINE#         112
  C:30EEH         LINE#         113
  C:30F8H         LINE#         114
  C:30FFH         LINE#         115
  C:3101H         LINE#         116
  C:3101H         LINE#         117
  C:3114H         LINE#         118
  C:311EH         LINE#         119
  C:3125H         LINE#         120
  C:3138H         LINE#         121
  C:313AH         LINE#         122
BL51 BANKED LINKER/LOCATER V6.22                                                      07/01/2019  15:07:36  PAGE 33


  C:313AH         LINE#         123
  C:314DH         LINE#         124
  C:3157H         LINE#         125
  C:315EH         LINE#         126
  C:3171H         LINE#         127
  C:3171H         LINE#         128
  C:3171H         LINE#         129
  C:3171H         LINE#         130
  C:3173H         LINE#         131
  -------         ENDPROC       _PWM_UPDATE
  -------         PROC          PWM_INIT
  C:3691H         LINE#         133
  C:3691H         LINE#         134
  C:3691H         LINE#         135
  C:3694H         LINE#         136
  C:3697H         LINE#         137
  C:369AH         LINE#         138
  C:369DH         LINE#         139
  C:36A0H         LINE#         140
  C:36A3H         LINE#         142
  C:36A6H         LINE#         145
  C:36A9H         LINE#         146
  C:36ACH         LINE#         158
  C:36B5H         LINE#         159
  C:36BEH         LINE#         160
  C:36C7H         LINE#         161
  C:36D0H         LINE#         162
  C:36D9H         LINE#         163
  C:36E2H         LINE#         168
  C:36E4H         LINE#         170
  C:36EAH         LINE#         171
  C:36F0H         LINE#         172
  C:36F6H         LINE#         173
  C:36FCH         LINE#         174
  C:3702H         LINE#         175
  C:3708H         LINE#         176
  -------         ENDPROC       PWM_INIT
  -------         ENDMOD        PWM

  -------         MODULE        UART0_MODE_3
  C:0000H         SYMBOL        _ICE_DUMMY_
  D:00B1H         PUBLIC        P0M1
  D:00B2H         PUBLIC        P0M2
  D:0080H         PUBLIC        P0
  D:0090H         PUBLIC        P1
  C:3CDFH         PUBLIC        serial_IT
  D:00A0H         PUBLIC        P2
  D:00B0H         PUBLIC        P3
  B:00A8H.7       PUBLIC        EA
  D:00D8H         PUBLIC        PWMCON0
  C:41FCH         PUBLIC        _SendData
  X:02A9H         PUBLIC        dataxx
  D:00A8H         PUBLIC        IE
  B:00A8H.4       PUBLIC        ES
  D:00B8H         PUBLIC        IP
  X:02AAH         PUBLIC        DMXCRC_Slave
  D:0099H         PUBLIC        SBUF
BL51 BANKED LINKER/LOCATER V6.22                                                      07/01/2019  15:07:36  PAGE 34


  C:3FF9H         PUBLIC        UART_Init
[...]
  C:0A0EH         LINE#         31
  C:0A11H         LINE#         32
  C:0A2FH         LINE#         33
  C:0A45H         LINE#         34
  C:0A58H         LINE#         35
  C:0A6EH         LINE#         36
  C:0A87H         LINE#         37
  C:0A89H         LINE#         38
  C:0A89H         LINE#         39
  C:0A91H         LINE#         40
  C:0AE8H         LINE#         41
  C:0AE8H         LINE#         43
  C:0AE8H         LINE#         44
  C:0AE8H         LINE#         48
  C:0B0BH         LINE#         49
  C:0B7DH         LINE#         50
  C:0B7DH         LINE#         52
  C:0BBFH         LINE#         53
  C:0BDEH         LINE#         54
  C:0BF4H         LINE#         55
  C:0C03H         LINE#         56
  C:0C2DH         LINE#         57
  C:0C5DH         LINE#         58
  C:0C5DH         LINE#         59
  C:0C5DH         LINE#         60
  C:0C5DH         LINE#         61
  C:0C60H         LINE#         62
  C:0C7EH         LINE#         63
  C:0C99H         LINE#         64
  C:0CDAH         LINE#         65
  C:0D26H         LINE#         66
  C:0D28H         LINE#         67
  C:0D28H         LINE#         68
  C:0D3EH         LINE#         69
  C:0D4DH         LINE#         70
  C:0D9CH         LINE#         72
  C:0D9CH         LINE#         73
  C:0D9CH         LINE#         74
  C:0D9CH         LINE#         76
  C:0DA2H         LINE#         77
  C:0DA2H         LINE#         78
  C:0DA4H         LINE#         80
BL51 BANKED LINKER/LOCATER V6.22                                                      07/01/2019  15:07:36  PAGE 47


  C:0DC9H         LINE#         81
  C:0E2AH         LINE#         82
  C:0E49H         LINE#         83
  C:0E51H         LINE#         84
  C:0E6CH         LINE#         85
  C:0E6DH         LINE#         87
  C:0EAEH         LINE#         88
  C:0EAFH         LINE#         89
  C:0EAFH         LINE#         90
  C:0EC8H         LINE#         91
  C:0ECAH         LINE#         92
  C:0EE4H         LINE#         93
  C:0EE4H         LINE#         94
  C:0EE4H         LINE#         96
  -------         ENDPROC       _DMX512_RECEIVE
  -------         ENDMOD        USART_N76

  -------         MODULE        TM1618_N76
  C:0000H         SYMBOL        _ICE_DUMMY_
  D:0080H         PUBLIC        P0
  D:0090H         PUBLIC        P1
  D:00A0H         PUBLIC        P2
  D:00B0H         PUBLIC        P3
  D:00D8H         PUBLIC        PWMCON0
  C:3A66H         PUBLIC        TM1618_DisplayOFF
  D:00A8H         PUBLIC        IE
  C:4238H         PUBLIC        TM1618_KeyInit
  D:00B8H         PUBLIC        IP
  C:2673H         PUBLIC        TM1618_Display
  B:0090H.3       PUBLIC        P13
  D:0098H         PUBLIC        SCON
  B:0090H.4       PUBLIC        P14
  D:0088H         PUBLIC        TCON
  B:0090H.6       PUBLIC        P16
  C:3AC5H         PUBLIC        _TM1618_Update
  X:02C3H         PUBLIC        TM1618_KEY
  D:00F8H         PUBLIC        SCON_1
  D:005CH         PUBLIC        pSEG
  C:3B1EH         PUBLIC        TM1618_
  X:02C6H         PUBLIC        SEGMenu_aBuf
  C:3E5AH         PUBLIC        _TM1618_Send8bit
  D:00E8H         PUBLIC        ADCCON0
  D:00C0H         PUBLIC        I2CON
  D:00C8H         PUBLIC        T2CON
  C:4197H         PUBLIC        _TM1618_Wait
  C:4031H         PUBLIC        _TM1618_SendCmd
  X:02D0H         PUBLIC        SEGMenu_Buf
  D:00D0H         PUBLIC        PSW
  C:3A03H         PUBLIC        TM1618_ReadKey
  -------         PROC          TM1618_KEYINIT
  C:4238H         LINE#         29
  C:4238H         LINE#         31
  -------         ENDPROC       TM1618_KEYINIT
  -------         PROC          _TM1618_WAIT
  D:0070H         SYMBOL        nCount
  C:4197H         LINE#         34
  C:4199H         LINE#         35
BL51 BANKED LINKER/LOCATER V6.22                                                      07/01/2019  15:07:36  PAGE 48


  C:41A1H         LINE#         36
  -------         ENDPROC       _TM1618_WAIT
  -------         PROC          _TM1618_SEND8BIT
  D:0071H         SYMBOL        ByteData
  -------         DO            
  I:0079H         SYMBOL        i
  -------         ENDDO         
  C:3E5AH         LINE#         41
  C:3E5CH         LINE#         42
  C:3E5CH         LINE#         44
  C:3E6AH         LINE#         45
  C:3E6FH         LINE#         46
  C:3E71H         LINE#         47
  C:3E73H         LINE#         48
  C:3E73H         LINE#         49
  C:3E75H         LINE#         50
  C:3E75H         LINE#         51
  C:3E77H         LINE#         52
  C:3E7CH         LINE#         53
  C:3E7EH         LINE#         54
  C:3E84H         LINE#         55
  C:3E89H         LINE#         56
  C:3E8EH         LINE#         57
  -------         ENDPROC       _TM1618_SEND8BIT
  -------         PROC          _TM1618_SENDCMD
  D:0072H         SYMBOL        ByteData
  C:4031H         LINE#         61
  C:4033H         LINE#         62
  C:4033H         LINE#         63
  C:4035H         LINE#         64
  C:403AH         LINE#         65
  C:403CH         LINE#         66
  C:4041H         LINE#         67
  C:4046H         LINE#         68
  C:404BH         LINE#         69
  -------         ENDPROC       _TM1618_SENDCMD
  -------         PROC          TM1618_READKEY
  -------         DO            
  I:0077H         SYMBOL        i
  I:0078H         SYMBOL        j
  -------         ENDDO         
  C:3A03H         LINE#         73
  C:3A03H         LINE#         74
  C:3A03H         LINE#         76
  C:3A08H         LINE#         77
  C:3A0AH         LINE#         78
  C:3A18H         LINE#         79
  C:3A26H         LINE#         80
  C:3A3CH         LINE#         81
  C:3A3EH         LINE#         82
  C:3A40H         LINE#         83
  C:3A43H         LINE#         84
  C:3A59H         LINE#         85
  C:3A59H         LINE#         86
  C:3A5EH         LINE#         87
  C:3A63H         LINE#         88
  C:3A65H         LINE#         89
BL51 BANKED LINKER/LOCATER V6.22                                                      07/01/2019  15:07:36  PAGE 49


  -------         ENDPROC       TM1618_READKEY
  -------         PROC          TM1618_DISPLAYOFF
  C:3A66H         LINE#         91
  C:3A66H         LINE#         92
  C:3A6BH         LINE#         93
  C:3A70H         LINE#         94
  C:3A75H         LINE#         95
  C:3A7EH         LINE#         96
  C:3A87H         LINE#         97
  C:3A90H         LINE#         98
  C:3A99H         LINE#         99
  C:3AA2H         LINE#         100
  C:3AABH         LINE#         101
  C:3AB4H         LINE#         102
  C:3ABDH         LINE#         103
  C:3AC2H         LINE#         104
  C:3AC4H         LINE#         105
  -------         ENDPROC       TM1618_DISPLAYOFF
  -------         PROC          TM1618_DISPLAY
  C:2673H         LINE#         107
  C:2673H         LINE#         108
  C:267BH         LINE#         109
  C:267FH         LINE#         111
  C:267FH         LINE#         112
  C:2684H         LINE#         113
  C:2689H         LINE#         114
  C:268EH         LINE#         115
  C:26AAH         LINE#         116
  C:26BEH         LINE#         117
  C:26DEH         LINE#         118
  C:26E0H         LINE#         119
  C:26E0H         LINE#         120
  C:26FCH         LINE#         121
  C:26FCH         LINE#         122
  C:271EH         LINE#         123
  C:2732H         LINE#         124
  C:2758H         LINE#         125
  C:275AH         LINE#         126
  C:275AH         LINE#         127
  C:277CH         LINE#         128
  C:277CH         LINE#         130
  C:279EH         LINE#         131
  C:27B2H         LINE#         132
  C:27D8H         LINE#         133
  C:27DAH         LINE#         134
  C:27DAH         LINE#         135
  C:27FCH         LINE#         136
  C:27FCH         LINE#         138
  C:281EH         LINE#         139
  C:2832H         LINE#         140
  C:2858H         LINE#         141
  C:285AH         LINE#         142
  C:285AH         LINE#         143
  C:287CH         LINE#         144
  C:287CH         LINE#         146
  C:2881H         LINE#         147
  C:2883H         LINE#         148
BL51 BANKED LINKER/LOCATER V6.22                                                      07/01/2019  15:07:36  PAGE 50


  -------         ENDPROC       TM1618_DISPLAY
  -------         PROC          _TM1618_UPDATE
  D:0048H         SYMBOL        ByteData1
  D:0049H         SYMBOL        ByteData2
  D:004AH         SYMBOL        ByteData3
  D:004BH         SYMBOL        ByteData4
  D:004CH         SYMBOL        ByteDataP
  C:3AC5H         LINE#         150
  C:3ACBH         LINE#         151
  C:3AD6H         LINE#         152
  C:3AE7H         LINE#         153
  C:3AF8H         LINE#         154
  C:3B09H         LINE#         155
  C:3B1AH         LINE#         157
  C:3B1DH         LINE#         158
  -------         ENDPROC       _TM1618_UPDATE
  -------         ENDMOD        TM1618_N76

  -------         MODULE        ULED_N76
  C:0000H         SYMBOL        _ICE_DUMMY_
  D:0080H         PUBLIC        P0
  D:0090H         PUBLIC        P1
  D:00A0H         PUBLIC        P2
  D:00B0H         PUBLIC        P3
  D:00D8H         PUBLIC        PWMCON0
  D:00A8H         PUBLIC        IE
  C:2884H         PUBLIC        LedDrive
  D:00B8H         PUBLIC        IP
  X:0001H         PUBLIC        curve
  X:00D9H         PUBLIC        wLumValue
  D:0098H         PUBLIC        SCON
  D:0088H         PUBLIC        TCON
  X:00F1H         PUBLIC        wLumLastValue
  D:00F8H         PUBLIC        SCON_1
  D:00E8H         PUBLIC        ADCCON0
  D:00C0H         PUBLIC        I2CON
  D:00C8H         PUBLIC        T2CON
  D:00D0H         PUBLIC        PSW
  -------         PROC          LEDDRIVE
  -------         DO            
  X:0000H         SYMBOL        c
  -------         ENDDO         
  C:2884H         LINE#         95
  C:2884H         LINE#         96
  C:2884H         LINE#         99
  C:2893H         LINE#         100
  C:2893H         LINE#         101
  C:28DFH         LINE#         102
  C:28E7H         LINE#         103
  C:2903H         LINE#         104
  C:290CH         LINE#         105
  C:2915H         LINE#         106
  C:291EH         LINE#         107
  C:2927H         LINE#         108
  C:2930H         LINE#         109
  C:2939H         LINE#         110
  C:293AH         LINE#         111
BL51 BANKED LINKER/LOCATER V6.22                                                      07/01/2019  15:07:36  PAGE 51


  C:293AH         LINE#         112
  C:296AH         LINE#         113
  C:299AH         LINE#         114
  C:29CAH         LINE#         115
  C:29FAH         LINE#         116
  C:2A2AH         LINE#         117
  C:2A5AH         LINE#         118
  C:2A5AH         LINE#         120
  -------         ENDPROC       LEDDRIVE
  -------         ENDMOD        ULED_N76

  -------         MODULE        COMMON
  C:0000H         SYMBOL        _ICE_DUMMY_
  D:00B1H         PUBLIC        P0M1
  D:00B2H         PUBLIC        P0M2
  D:0080H         PUBLIC        P0
  D:0090H         PUBLIC        P1
  D:00A0H         PUBLIC        P2
  D:00B0H         PUBLIC        P3
  D:00D8H         PUBLIC        PWMCON0
  D:00A8H         PUBLIC        IE
  D:00B8H         PUBLIC        IP
  D:0087H         PUBLIC        PCON
  D:0098H         PUBLIC        SCON
  D:0088H         PUBLIC        TCON
  D:00F8H         PUBLIC        SCON_1
  D:00C6H         PUBLIC        RH3
  D:00C5H         PUBLIC        RL3
  C:34F7H         PUBLIC        _InitialUART0_Timer3
  D:00E8H         PUBLIC        ADCCON0
  D:00C0H         PUBLIC        I2CON
  D:00C8H         PUBLIC        T2CON
  D:00C4H         PUBLIC        T3CON
  D:00D0H         PUBLIC        PSW
  -------         PROC          _INITIALUART0_TIMER3
  D:001CH         SYMBOL        u32Baudrate
  C:34F7H         LINE#         46
  C:34FFH         LINE#         47
  C:34FFH         LINE#         48
  C:3505H         LINE#         49
  C:350BH         LINE#         51
  C:350EH         LINE#         52
  C:3511H         LINE#         53
  C:3514H         LINE#         54
  C:3517H         LINE#         57
  C:3548H         LINE#         58
  C:3584H         LINE#         64
  C:3587H         LINE#         65
  -------         ENDPROC       _INITIALUART0_TIMER3
  -------         ENDMOD        COMMON

  -------         MODULE        ?C_STARTUP
  C:345DH         SEGMENT       ?C_C51STARTUP
  I:007AH         SEGMENT       ?STACK
  C:0000H         PUBLIC        ?C_STARTUP
  D:00E0H         SYMBOL        ACC
  D:00F0H         SYMBOL        B
BL51 BANKED LINKER/LOCATER V6.22                                                      07/01/2019  15:07:36  PAGE 52


  D:0083H         SYMBOL        DPH
  D:0082H         SYMBOL        DPL
  N:0000H         SYMBOL        IBPSTACK
  N:0100H         SYMBOL        IBPSTACKTOP
  N:0080H         SYMBOL        IDATALEN
  C:3460H         SYMBOL        IDATALOOP
  N:0000H         SYMBOL        PBPSTACK
  N:0000H         SYMBOL        PBPSTACKTOP
  N:0000H         SYMBOL        PDATALEN
  N:0000H         SYMBOL        PDATASTART
  N:0000H         SYMBOL        PPAGE
  N:0000H         SYMBOL        PPAGEENABLE
  D:00A0H         SYMBOL        PPAGE_SFR
  D:0081H         SYMBOL        SP
  C:345DH         SYMBOL        STARTUP1
  N:0000H         SYMBOL        XBPSTACK
  N:0000H         SYMBOL        XBPSTACKTOP
  N:02FFH         SYMBOL        XDATALEN
  C:346BH         SYMBOL        XDATALOOP
  N:0000H         SYMBOL        XDATASTART
  C:0000H         LINE#         93
  C:345DH         LINE#         100
  C:345FH         LINE#         101
  C:3460H         LINE#         102
  C:3461H         LINE#         103
  C:3463H         LINE#         107
  C:3466H         LINE#         108
  C:3468H         LINE#         110
  C:346AH         LINE#         114
  C:346BH         LINE#         115
  C:346CH         LINE#         116
  C:346DH         LINE#         117
  C:346FH         LINE#         118
  C:3471H         LINE#         152
  C:3474H         LINE#         156
  -------         ENDMOD        ?C_STARTUP

  -------         MODULE        ?C?CLDPTR
  C:0EE5H         PUBLIC        ?C?CLDPTR
  -------         ENDMOD        ?C?CLDPTR

  -------         MODULE        ?C?CLDOPTR
  C:0EFEH         PUBLIC        ?C?CLDOPTR
  -------         ENDMOD        ?C?CLDOPTR

  -------         MODULE        ?C?CSTPTR
  C:0F2BH         PUBLIC        ?C?CSTPTR
  -------         ENDMOD        ?C?CSTPTR

  -------         MODULE        ?C?CSTOPTR
  C:0F3DH         PUBLIC        ?C?CSTOPTR
  -------         ENDMOD        ?C?CSTOPTR

  -------         MODULE        ?C?IMUL
  C:0F5FH         PUBLIC        ?C?IMUL
  -------         ENDMOD        ?C?IMUL

BL51 BANKED LINKER/LOCATER V6.22                                                      07/01/2019  15:07:36  PAGE 53


  -------         MODULE        ?C?UIDIV
  C:0F71H         PUBLIC        ?C?UIDIV
  -------         ENDMOD        ?C?UIDIV

  -------         MODULE        ?C?IILDX
  C:0FC6H         PUBLIC        ?C?IILDX
  -------         ENDMOD        ?C?IILDX

  -------         MODULE        ?C?ILDIX
  C:0FDCH         PUBLIC        ?C?ILDIX
  -------         ENDMOD        ?C?ILDIX

  -------         MODULE        ?C?ILDPTR
  C:0FF2H         PUBLIC        ?C?ILDPTR
  -------         ENDMOD        ?C?ILDPTR

  -------         MODULE        ?C?ISTPTR
  C:101DH         PUBLIC        ?C?ISTPTR
  -------         ENDMOD        ?C?ISTPTR

  -------         MODULE        ?C?LMUL
  C:103CH         PUBLIC        ?C?LMUL
  -------         ENDMOD        ?C?LMUL

  -------         MODULE        ?C?ULDIV
  C:10C7H         PUBLIC        ?C?ULDIV
  -------         ENDMOD        ?C?ULDIV

  -------         MODULE        ?C?ULCMP
  C:1159H         PUBLIC        ?C?ULCMP
  -------         ENDMOD        ?C?ULCMP

  -------         MODULE        ?C?ULSHR
  C:116AH         PUBLIC        ?C?ULSHR
  -------         ENDMOD        ?C?ULSHR

  -------         MODULE        ?C?LSTOPTR
  C:117DH         PUBLIC        ?C?LSTOPTR
  -------         ENDMOD        ?C?LSTOPTR

  -------         MODULE        ?C?LLDIDATA
  C:11A1H         PUBLIC        ?C?LLDIDATA
  -------         ENDMOD        ?C?LLDIDATA

  -------         MODULE        ?C?LLDOPTR0
  C:11ADH         PUBLIC        ?C?LLDOPTR0
  -------         ENDMOD        ?C?LLDOPTR0

  -------         MODULE        ?C?LSTIDATA
  C:11DDH         PUBLIC        ?C?LSTIDATA
  -------         ENDMOD        ?C?LSTIDATA

  -------         MODULE        ?C?LSTXDATA
  C:11E9H         PUBLIC        ?C?LSTXDATA
  -------         ENDMOD        ?C?LSTXDATA

  -------         MODULE        ?C?LSTKXDATA
BL51 BANKED LINKER/LOCATER V6.22                                                      07/01/2019  15:07:36  PAGE 54


  C:11F5H         PUBLIC        ?C?LSTKXDATA
  -------         ENDMOD        ?C?LSTKXDATA

  -------         MODULE        ?C?PSTPTR
  C:1226H         PUBLIC        ?C?PSTPTR
  -------         ENDMOD        ?C?PSTPTR

  -------         MODULE        ?C?PLDOPTR
  C:1275H         PUBLIC        ?C?PLDOPTR
  -------         ENDMOD        ?C?PLDOPTR

  -------         MODULE        ?C?CCASE
  C:12A5H         PUBLIC        ?C?CCASE
  -------         ENDMOD        ?C?CCASE

  -------         MODULE        ?C?ICASE
  C:12CBH         PUBLIC        ?C?ICASE
  -------         ENDMOD        ?C?ICASE

  -------         MODULE        ?C?ICALL
  C:12F8H         PUBLIC        ?C?ICALL
  C:12FCH         PUBLIC        ?C?ICALL2
  -------         ENDMOD        ?C?ICALL

  -------         MODULE        ?C?LLDIDATA0
  C:12FEH         PUBLIC        ?C?LLDIDATA0
  -------         ENDMOD        ?C?LLDIDATA0

  -------         MODULE        ?C?LLDXDATA0
  C:130BH         PUBLIC        ?C?LLDXDATA0
  -------         ENDMOD        ?C?LLDXDATA0

  -------         MODULE        ?C?LLDPDATA0
  C:1317H         PUBLIC        ?C?LLDPDATA0
  -------         ENDMOD        ?C?LLDPDATA0

  -------         MODULE        ?C?LLDCODE0
  C:1324H         PUBLIC        ?C?LLDCODE0
  -------         ENDMOD        ?C?LLDCODE0

  -------         MODULE        ?C?LSTPDATA
  C:1334H         PUBLIC        ?C?LSTPDATA
  -------         ENDMOD        ?C?LSTPDATA

  -------         MODULE        ?C?PLDIDATA
  C:1340H         PUBLIC        ?C?PLDIDATA
  -------         ENDMOD        ?C?PLDIDATA

  -------         MODULE        ?C?PSTIDATA
  C:1349H         PUBLIC        ?C?PSTIDATA
  -------         ENDMOD        ?C?PSTIDATA

  -------         MODULE        ?C?PLDXDATA
  C:1352H         PUBLIC        ?C?PLDXDATA
  -------         ENDMOD        ?C?PLDXDATA

  -------         MODULE        ?C?PSTXDATA
BL51 BANKED LINKER/LOCATER V6.22                                                      07/01/2019  15:07:36  PAGE 55


  C:135BH         PUBLIC        ?C?PSTXDATA
  -------         ENDMOD        ?C?PSTXDATA

  -------         MODULE        ?C?PLDPDATA
  C:1364H         PUBLIC        ?C?PLDPDATA
  -------         ENDMOD        ?C?PLDPDATA

  -------         MODULE        ?C?PSTPDATA
  C:136DH         PUBLIC        ?C?PSTPDATA
  -------         ENDMOD        ?C?PSTPDATA

  -------         MODULE        ?C?PLDCODE
  C:1376H         PUBLIC        ?C?PLDCODE
  -------         ENDMOD        ?C?PLDCODE

Program Size: data=122.2 xdata=730 code=16953
LINK/LOCATE RUN COMPLETE.  0 WARNING(S),  0 ERROR(S)
